
Discarded input sections

 .data          0x00000000        0x0 obj/sram_isp_cstartup.o
 .bss           0x00000000        0x0 obj/sram_isp_cstartup.o
 .text          0x00000000        0x0 obj/sram_main.o
 .data          0x00000000        0x0 obj/sram_main.o
 .text          0x00000000        0x0 obj/sram_string.o
 .data          0x00000000        0x0 obj/sram_string.o
 .bss           0x00000000        0x0 obj/sram_string.o
 .text.memset   0x00000000        0x0 obj/sram_string.o
 .text.strchr   0x00000000        0x0 obj/sram_string.o
 .text.strlen   0x00000000        0x0 obj/sram_string.o
 .text.strrchr  0x00000000        0x0 obj/sram_string.o
 .text.strcpy   0x00000000        0x0 obj/sram_string.o
 .text.strncmp  0x00000000        0x0 obj/sram_string.o
 .text.strncpy  0x00000000        0x0 obj/sram_string.o
 .text          0x00000000        0x0 obj/sram_math.o
 .data          0x00000000        0x0 obj/sram_math.o
 .bss           0x00000000        0x0 obj/sram_math.o
 .text.absv     0x00000000        0x0 obj/sram_math.o
 .text.power    0x00000000        0x0 obj/sram_math.o
 .text          0x00000000        0x0 obj/sram_trace.o
 .data          0x00000000        0x0 obj/sram_trace.o
 .bss           0x00000000        0x0 obj/sram_trace.o
 .text.fputc    0x00000000        0x0 obj/sram_trace.o
 .text.putchar  0x00000000        0x0 obj/sram_trace.o
 .text.fputs    0x00000000        0x0 obj/sram_trace.o
 .text.TRACE_GetHexa32
                0x00000000        0x0 obj/sram_trace.o
 .text.TRACE_GetInteger
                0x00000000        0x0 obj/sram_trace.o
 .text.TRACE_GetIntegerMinMax
                0x00000000        0x0 obj/sram_trace.o
 .text.TRACE_DumpFrame
                0x00000000        0x0 obj/sram_trace.o
 .text.PrintChar
                0x00000000        0x0 obj/sram_trace.o
 .text.TRACE_DumpMemory
                0x00000000        0x0 obj/sram_trace.o
 .rodata.str1.1
                0x00000000        0x0 obj/sram_trace.o
 .text          0x00000000        0x0 obj/sram_dbgu.o
 .data          0x00000000        0x0 obj/sram_dbgu.o
 .bss           0x00000000        0x0 obj/sram_dbgu.o
 .text.DBGU_Configure
                0x00000000        0x0 obj/sram_dbgu.o
 .text.DBGU_IsRxReady
                0x00000000        0x0 obj/sram_dbgu.o
 .text.DBGU_GetChar
                0x00000000        0x0 obj/sram_dbgu.o
 .text          0x00000000        0x0 obj/sram_stdio.o
 .data          0x00000000        0x0 obj/sram_stdio.o
 .bss           0x00000000        0x0 obj/sram_stdio.o
 .text.PutChar  0x00000000        0x0 obj/sram_stdio.o
 .text.PutString
                0x00000000        0x0 obj/sram_stdio.o
 .text.PutUnsignedInt
                0x00000000        0x0 obj/sram_stdio.o
 .text.PutSignedInt
                0x00000000        0x0 obj/sram_stdio.o
 .text.PutHexa  0x00000000        0x0 obj/sram_stdio.o
 .text.vsnprintf
                0x00000000        0x0 obj/sram_stdio.o
 .text.vsprintf
                0x00000000        0x0 obj/sram_stdio.o
 .text.puts     0x00000000        0x0 obj/sram_stdio.o
 .text.vfprintf
                0x00000000        0x0 obj/sram_stdio.o
 .text.vprintf  0x00000000        0x0 obj/sram_stdio.o
 .text.sprintf  0x00000000        0x0 obj/sram_stdio.o
 .text.printf   0x00000000        0x0 obj/sram_stdio.o
 .text.fprintf  0x00000000        0x0 obj/sram_stdio.o
 .text.snprintf
                0x00000000        0x0 obj/sram_stdio.o
 .rodata.str1.1
                0x00000000        0x0 obj/sram_stdio.o
 .text          0x00000000        0x0 obj/sram_cp15.o
 .data          0x00000000        0x0 obj/sram_cp15.o
 .bss           0x00000000        0x0 obj/sram_cp15.o
 .text.CP15_LockDcache
                0x00000000        0x0 obj/sram_cp15.o
 .text.CP15_LockIcache
                0x00000000        0x0 obj/sram_cp15.o
 .text.CP15_IsDcacheEnabled
                0x00000000        0x0 obj/sram_cp15.o
 .text.CP15_IsMMUEnabled
                0x00000000        0x0 obj/sram_cp15.o
 .text.CP15_IsIcacheEnabled
                0x00000000        0x0 obj/sram_cp15.o
 .text.CP15_DisableDcache
                0x00000000        0x0 obj/sram_cp15.o
 .text.CP15_ShutdownDcache
                0x00000000        0x0 obj/sram_cp15.o
 .text.CP15_EnableDcache
                0x00000000        0x0 obj/sram_cp15.o
 .text.CP15_DisableMMU
                0x00000000        0x0 obj/sram_cp15.o
 .text.CP15_EnableMMU
                0x00000000        0x0 obj/sram_cp15.o
 .text.CP15_DisableIcache
                0x00000000        0x0 obj/sram_cp15.o
 .text.CP15_EnableIcache
                0x00000000        0x0 obj/sram_cp15.o
 .text          0x00000000        0x0 obj/sram_pio.o
 .data          0x00000000        0x0 obj/sram_pio.o
 .bss           0x00000000        0x0 obj/sram_pio.o
 .text.PIO_Configure
                0x00000000        0x0 obj/sram_pio.o
 .rodata        0x00000000        0x0 obj/sram_pio.o
 .text.PIO_Set  0x00000000        0x0 obj/sram_pio.o
 .text.PIO_Clear
                0x00000000        0x0 obj/sram_pio.o
 .text.PIO_Get  0x00000000        0x0 obj/sram_pio.o
 .text.PIO_GetOutputDataStatus
                0x00000000        0x0 obj/sram_pio.o
 .text          0x00000000        0x0 obj/sram_board_lowlevel.o
 .data          0x00000000        0x0 obj/sram_board_lowlevel.o
 .bss           0x00000000        0x0 obj/sram_board_lowlevel.o
 .text          0x00000000        0x0 obj/sram_board_memories.o
 .data          0x00000000        0x0 obj/sram_board_memories.o
 .bss           0x00000000        0x0 obj/sram_board_memories.o
 .text.BOARD_RemapRom
                0x00000000        0x0 obj/sram_board_memories.o
 .text.BOARD_ConfigureNandFlash
                0x00000000        0x0 obj/sram_board_memories.o
 .text.BOARD_ConfigureNandFlash48MHz
                0x00000000        0x0 obj/sram_board_memories.o
 .text.BOARD_ConfigureNorFlash
                0x00000000        0x0 obj/sram_board_memories.o
 .text.BOARD_ConfigureNorFlash48MHz
                0x00000000        0x0 obj/sram_board_memories.o
 .text.BOARD_ConfigureFlash48MHz
                0x00000000        0x0 obj/sram_board_memories.o
 .text.BOARD_ConfigureSdram48MHz
                0x00000000        0x0 obj/sram_board_memories.o
 .text.BOARD_ConfigureSdram
                0x00000000        0x0 obj/sram_board_memories.o
 .rodata        0x00000000        0x0 obj/sram_board_memories.o
 .text          0x00000000        0x0 obj/sram_eefc.o
 .data          0x00000000        0x0 obj/sram_eefc.o
 .text.EFC_EnableFrdyIt
                0x00000000        0x0 obj/sram_eefc.o
 .text.EFC_StartCommand
                0x00000000        0x0 obj/sram_eefc.o
 .text.EFC_GetStatus
                0x00000000        0x0 obj/sram_eefc.o
 .text          0x00000000        0x0 obj/sram_flashd_eefc.o
 .data          0x00000000        0x0 obj/sram_flashd_eefc.o

Memory Configuration

Name             Origin             Length             Attributes
flash            0x00200000         0x00080000         xr
romcodesram      0x00307000         0x00001000         w !xr
sram             0x00300000         0x00007000         w !xr
sdram            0x20000000         0x04000000         w !xr
*default*        0x00000000         0xffffffff

Linker script and memory map

LOAD obj/sram_isp_cstartup.o
LOAD obj/sram_main.o
LOAD obj/sram_string.o
LOAD obj/sram_math.o
LOAD obj/sram_trace.o
LOAD obj/sram_dbgu.o
LOAD obj/sram_stdio.o
LOAD obj/sram_cp15.o
LOAD obj/sram_pio.o
LOAD obj/sram_board_lowlevel.o
LOAD obj/sram_board_memories.o
LOAD obj/sram_eefc.o
LOAD obj/sram_flashd_eefc.o

.fixed          0x00300000      0x968
                0x00300000                . = ALIGN (0x4)
                0x00300000                _sfixed = .
 *(.vectors)
 *(.text*)
 .text          0x00300000       0xf0 obj/sram_isp_cstartup.o
                0x00300000                entry
 .text.main     0x003000f0      0x1b8 obj/sram_main.o
                0x003000f0                main
 .text.memcpy   0x003002a8       0x50 obj/sram_string.o
                0x003002a8                memcpy
 .text.min      0x003002f8       0x10 obj/sram_math.o
                0x003002f8                min
 .text.DBGU_PutChar
                0x00300308       0x1c obj/sram_dbgu.o
                0x00300308                DBGU_PutChar
 .text.DefaultSpuriousHandler
                0x00300324        0x4 obj/sram_board_lowlevel.o
                0x00300324                DefaultSpuriousHandler
 .text.DefaultFiqHandler
                0x00300328        0x4 obj/sram_board_lowlevel.o
                0x00300328                DefaultFiqHandler
 .text.DefaultIrqHandler
                0x0030032c        0x4 obj/sram_board_lowlevel.o
                0x0030032c                DefaultIrqHandler
 .text.LowLevelInit
                0x00300330      0x104 obj/sram_board_lowlevel.o
                0x00300330                LowLevelInit
 .text.BOARD_RemapRam
                0x00300434        0xc obj/sram_board_memories.o
                0x00300434                BOARD_RemapRam
 .text.EFC_DisableFrdyIt
                0x00300440        0xc obj/sram_eefc.o
                0x00300440                EFC_DisableFrdyIt
 .text.EFC_TranslateAddress
                0x0030044c       0x4c obj/sram_eefc.o
                0x0030044c                EFC_TranslateAddress
 .text.EFC_ComputeAddress
                0x00300498       0x38 obj/sram_eefc.o
                0x00300498                EFC_ComputeAddress
 .text.EFC_PerformCommand
                0x003004d0       0x58 obj/sram_eefc.o
                0x003004d0                EFC_PerformCommand
 .text.EFC_GetResult
                0x00300528        0x4 obj/sram_eefc.o
                0x00300528                EFC_GetResult
 .text.FLASHD_IsGPNVMSet
                0x0030052c       0x48 obj/sram_flashd_eefc.o
                0x0030052c                FLASHD_IsGPNVMSet
 .text.FLASHD_ClearGPNVM
                0x00300574       0x38 obj/sram_flashd_eefc.o
                0x00300574                FLASHD_ClearGPNVM
 .text.FLASHD_SetGPNVM
                0x003005ac       0x3c obj/sram_flashd_eefc.o
                0x003005ac                FLASHD_SetGPNVM
 .text.FLASHD_IsLocked
                0x003005e8       0xa8 obj/sram_flashd_eefc.o
                0x003005e8                FLASHD_IsLocked
 .text.FLASHD_Erase
                0x00300690       0x34 obj/sram_flashd_eefc.o
                0x00300690                FLASHD_Erase
 .text.ComputeLockRange
                0x003006c4       0x78 obj/sram_flashd_eefc.o
 .text.FLASHD_Unlock
                0x0030073c       0x7c obj/sram_flashd_eefc.o
                0x0030073c                FLASHD_Unlock
 .text.FLASHD_Lock
                0x003007b8       0x7c obj/sram_flashd_eefc.o
                0x003007b8                FLASHD_Lock
 .text.FLASHD_Write
                0x00300834      0x118 obj/sram_flashd_eefc.o
                0x00300834                FLASHD_Write
 .text.FLASHD_Initialize
                0x0030094c       0x1c obj/sram_flashd_eefc.o
                0x0030094c                FLASHD_Initialize
 *(.rodata*)
 *(.glue_7)
 .glue_7        0x00000000        0x0 linker stubs
 *(.glue_7t)
 .glue_7t       0x00000000        0x0 linker stubs
 *(.data)
 *(.CP15_*)
                0x00300968                . = ALIGN (0x4)
                0x00300968                _efixed = .

.vfp11_veneer   0x00200000        0x0
 .vfp11_veneer  0x00000000        0x0 linker stubs

.v4_bx          0x00200000        0x0
 .v4_bx         0x00000000        0x0 linker stubs

.prerelocate    0x00000000        0x0 load address 0x00300968
                0x00000000                . = ALIGN (0x4)
                0x00000000                _sprerelocate = .
                0x00000000                . = ALIGN (0x4)
                0x00000000                _eprerelocate = .

.postrelocate   0x00300968        0x0
                0x00300968                . = ALIGN (0x4)
                0x00300968                _spostrelocate = .
                0x00300968                . = ALIGN (0x4)
                0x00300968                _epostrelocate = .

.bss            0x00300968      0x220
                0x00300968                _szero = .
 *(.bss)
 .bss           0x00300968       0x1c obj/sram_main.o
 .bss           0x00300984        0x4 obj/sram_eefc.o
 .bss           0x00300988      0x200 obj/sram_flashd_eefc.o
                0x00300b88                . = ALIGN (0x4)
                0x00300b88                _ezero = .
                0x00307000                _sstack = 0x307000
                0x00300b88                end = .
OUTPUT(bin/isp-flash-at91sam9xe512.elf elf32-littlearm)

.ARM.attributes
                0x00000000       0x2b
 .ARM.attributes
                0x00000000       0x16 obj/sram_isp_cstartup.o
 .ARM.attributes
                0x00000016       0x30 obj/sram_main.o
 .ARM.attributes
                0x00000046       0x30 obj/sram_string.o
 .ARM.attributes
                0x00000076       0x30 obj/sram_math.o
 .ARM.attributes
                0x000000a6       0x30 obj/sram_trace.o
 .ARM.attributes
                0x000000d6       0x30 obj/sram_dbgu.o
 .ARM.attributes
                0x00000106       0x30 obj/sram_stdio.o
 .ARM.attributes
                0x00000136       0x30 obj/sram_cp15.o
 .ARM.attributes
                0x00000166       0x30 obj/sram_pio.o
 .ARM.attributes
                0x00000196       0x30 obj/sram_board_lowlevel.o
 .ARM.attributes
                0x000001c6       0x30 obj/sram_board_memories.o
 .ARM.attributes
                0x000001f6       0x30 obj/sram_eefc.o
 .ARM.attributes
                0x00000226       0x30 obj/sram_flashd_eefc.o

.comment        0x00000000      0x204
 .comment       0x00000000       0x2b obj/sram_main.o
 .comment       0x0000002b       0x2b obj/sram_string.o
 .comment       0x00000056       0x2b obj/sram_math.o
 .comment       0x00000081       0x2b obj/sram_trace.o
 .comment       0x000000ac       0x2b obj/sram_dbgu.o
 .comment       0x000000d7       0x2b obj/sram_stdio.o
 .comment       0x00000102       0x2b obj/sram_cp15.o
 .comment       0x0000012d       0x2b obj/sram_pio.o
 .comment       0x00000158       0x2b obj/sram_board_lowlevel.o
 .comment       0x00000183       0x2b obj/sram_board_memories.o
 .comment       0x000001ae       0x2b obj/sram_eefc.o
 .comment       0x000001d9       0x2b obj/sram_flashd_eefc.o

.debug_line     0x00000000     0x118f
 .debug_line    0x00000000       0x61 obj/sram_isp_cstartup.o
 .debug_line    0x00000061       0xac obj/sram_main.o
 .debug_line    0x0000010d      0x14c obj/sram_string.o
 .debug_line    0x00000259       0x76 obj/sram_math.o
 .debug_line    0x000002cf      0x272 obj/sram_trace.o
 .debug_line    0x00000541       0xe1 obj/sram_dbgu.o
 .debug_line    0x00000622      0x2f3 obj/sram_stdio.o
 .debug_line    0x00000915      0x13a obj/sram_cp15.o
 .debug_line    0x00000a4f      0x13a obj/sram_pio.o
 .debug_line    0x00000b89       0xf1 obj/sram_board_lowlevel.o
 .debug_line    0x00000c7a      0x1f3 obj/sram_board_memories.o
 .debug_line    0x00000e6d      0x14b obj/sram_eefc.o
 .debug_line    0x00000fb8      0x1d7 obj/sram_flashd_eefc.o

.debug_info     0x00000000     0x487d
 .debug_info    0x00000000       0x88 obj/sram_isp_cstartup.o
 .debug_info    0x00000088      0x41e obj/sram_main.o
 .debug_info    0x000004a6      0x360 obj/sram_string.o
 .debug_info    0x00000806      0x11c obj/sram_math.o
 .debug_info    0x00000922      0xbf8 obj/sram_trace.o
 .debug_info    0x0000151a      0x287 obj/sram_dbgu.o
 .debug_info    0x000017a1      0xec6 obj/sram_stdio.o
 .debug_info    0x00002667      0x271 obj/sram_cp15.o
 .debug_info    0x000028d8      0x6de obj/sram_pio.o
 .debug_info    0x00002fb6      0x4bf obj/sram_board_lowlevel.o
 .debug_info    0x00003475      0xab3 obj/sram_board_memories.o
 .debug_info    0x00003f28      0x335 obj/sram_eefc.o
 .debug_info    0x0000425d      0x620 obj/sram_flashd_eefc.o

.debug_abbrev   0x00000000      0xfa5
 .debug_abbrev  0x00000000       0x14 obj/sram_isp_cstartup.o
 .debug_abbrev  0x00000014       0xf4 obj/sram_main.o
 .debug_abbrev  0x00000108      0x104 obj/sram_string.o
 .debug_abbrev  0x0000020c       0xba obj/sram_math.o
 .debug_abbrev  0x000002c6      0x234 obj/sram_trace.o
 .debug_abbrev  0x000004fa       0xd3 obj/sram_dbgu.o
 .debug_abbrev  0x000005cd      0x28f obj/sram_stdio.o
 .debug_abbrev  0x0000085c       0xe0 obj/sram_cp15.o
 .debug_abbrev  0x0000093c      0x18b obj/sram_pio.o
 .debug_abbrev  0x00000ac7       0xab obj/sram_board_lowlevel.o
 .debug_abbrev  0x00000b72      0x184 obj/sram_board_memories.o
 .debug_abbrev  0x00000cf6      0x138 obj/sram_eefc.o
 .debug_abbrev  0x00000e2e      0x177 obj/sram_flashd_eefc.o

.debug_aranges  0x00000000      0x3f8
 .debug_aranges
                0x00000000       0x20 obj/sram_isp_cstartup.o
 .debug_aranges
                0x00000020       0x20 obj/sram_main.o
 .debug_aranges
                0x00000040       0x58 obj/sram_string.o
 .debug_aranges
                0x00000098       0x30 obj/sram_math.o
 .debug_aranges
                0x000000c8       0x60 obj/sram_trace.o
 .debug_aranges
                0x00000128       0x38 obj/sram_dbgu.o
 .debug_aranges
                0x00000160       0x88 obj/sram_stdio.o
 .debug_aranges
                0x000001e8       0x78 obj/sram_cp15.o
 .debug_aranges
                0x00000260       0x40 obj/sram_pio.o
 .debug_aranges
                0x000002a0       0x38 obj/sram_board_lowlevel.o
 .debug_aranges
                0x000002d8       0x60 obj/sram_board_memories.o
 .debug_aranges
                0x00000338       0x58 obj/sram_eefc.o
 .debug_aranges
                0x00000390       0x68 obj/sram_flashd_eefc.o

.debug_frame    0x00000000      0x93c
 .debug_frame   0x00000000       0x30 obj/sram_main.o
 .debug_frame   0x00000030       0xdc obj/sram_string.o
 .debug_frame   0x0000010c       0x50 obj/sram_math.o
 .debug_frame   0x0000015c      0x110 obj/sram_trace.o
 .debug_frame   0x0000026c       0x6c obj/sram_dbgu.o
 .debug_frame   0x000002d8      0x198 obj/sram_stdio.o
 .debug_frame   0x00000470      0x130 obj/sram_cp15.o
 .debug_frame   0x000005a0       0x74 obj/sram_pio.o
 .debug_frame   0x00000614       0x70 obj/sram_board_lowlevel.o
 .debug_frame   0x00000684       0xd8 obj/sram_board_memories.o
 .debug_frame   0x0000075c       0xb4 obj/sram_eefc.o
 .debug_frame   0x00000810      0x12c obj/sram_flashd_eefc.o

.debug_loc      0x00000000     0x222f
 .debug_loc     0x00000000      0x238 obj/sram_main.o
 .debug_loc     0x00000238      0x33f obj/sram_string.o
 .debug_loc     0x00000577       0xb6 obj/sram_math.o
 .debug_loc     0x0000062d      0x47d obj/sram_trace.o
 .debug_loc     0x00000aaa       0xa1 obj/sram_dbgu.o
 .debug_loc     0x00000b4b      0x826 obj/sram_stdio.o
 .debug_loc     0x00001371      0x259 obj/sram_cp15.o
 .debug_loc     0x000015ca       0xdf obj/sram_pio.o
 .debug_loc     0x000016a9       0x8f obj/sram_board_lowlevel.o
 .debug_loc     0x00001738      0x226 obj/sram_board_memories.o
 .debug_loc     0x0000195e      0x1e1 obj/sram_eefc.o
 .debug_loc     0x00001b3f      0x6f0 obj/sram_flashd_eefc.o

.debug_pubnames
                0x00000000      0x6fe
 .debug_pubnames
                0x00000000       0x1b obj/sram_main.o
 .debug_pubnames
                0x0000001b       0x6d obj/sram_string.o
 .debug_pubnames
                0x00000088       0x2d obj/sram_math.o
 .debug_pubnames
                0x000000b5       0x9f obj/sram_trace.o
 .debug_pubnames
                0x00000154       0x5a obj/sram_dbgu.o
 .debug_pubnames
                0x000001ae       0xdf obj/sram_stdio.o
 .debug_pubnames
                0x0000028d      0x11b obj/sram_cp15.o
 .debug_pubnames
                0x000003a8       0x66 obj/sram_pio.o
 .debug_pubnames
                0x0000040e       0x6a obj/sram_board_lowlevel.o
 .debug_pubnames
                0x00000478      0x109 obj/sram_board_memories.o
 .debug_pubnames
                0x00000581       0xbd obj/sram_eefc.o
 .debug_pubnames
                0x0000063e       0xc0 obj/sram_flashd_eefc.o

.debug_ranges   0x00000000      0x378
 .debug_ranges  0x00000000       0x18 obj/sram_main.o
 .debug_ranges  0x00000018       0x50 obj/sram_string.o
 .debug_ranges  0x00000068       0x28 obj/sram_math.o
 .debug_ranges  0x00000090       0x58 obj/sram_trace.o
 .debug_ranges  0x000000e8       0x30 obj/sram_dbgu.o
 .debug_ranges  0x00000118       0x80 obj/sram_stdio.o
 .debug_ranges  0x00000198       0x70 obj/sram_cp15.o
 .debug_ranges  0x00000208       0x38 obj/sram_pio.o
 .debug_ranges  0x00000240       0x30 obj/sram_board_lowlevel.o
 .debug_ranges  0x00000270       0x58 obj/sram_board_memories.o
 .debug_ranges  0x000002c8       0x50 obj/sram_eefc.o
 .debug_ranges  0x00000318       0x60 obj/sram_flashd_eefc.o

.debug_str      0x00000000     0x16f6
 .debug_str     0x00000000      0x288 obj/sram_main.o
                                0x2c6 (size before relaxing)
 .debug_str     0x00000288      0x100 obj/sram_string.o
                                0x1e7 (size before relaxing)
 .debug_str     0x00000388       0x28 obj/sram_math.o
                                0x110 (size before relaxing)
 .debug_str     0x000003b0      0x477 obj/sram_trace.o
                                0x57e (size before relaxing)
 .debug_str     0x00000827      0x15a obj/sram_dbgu.o
                                0x1c7 (size before relaxing)
 .debug_str     0x00000981       0xb1 obj/sram_stdio.o
                                0x5be (size before relaxing)
 .debug_str     0x00000a32      0x114 obj/sram_cp15.o
                                0x1ef (size before relaxing)
 .debug_str     0x00000b46      0x2b7 obj/sram_pio.o
                                0x34c (size before relaxing)
 .debug_str     0x00000dfd      0x1e6 obj/sram_board_lowlevel.o
                                0x308 (size before relaxing)
 .debug_str     0x00000fe3      0x49f obj/sram_board_memories.o
                                0x6b3 (size before relaxing)
 .debug_str     0x00001482       0xe6 obj/sram_eefc.o
                                0x22a (size before relaxing)
 .debug_str     0x00001568      0x18e obj/sram_flashd_eefc.o
                                0x31a (size before relaxing)
