Archive member included because of file (symbol)

../../libraries/libboard_atsam3s-ek/lib/libboard_atsam3s_ek_gcc_rel.a(board_lowlevel.o)
                              obj/sram_main.o (LowLevelInit)
../../libraries/libboard_atsam3s-ek/lib/libboard_atsam3s_ek_gcc_rel.a(uart_console.o)
                              obj/sram_main.o (UART_PutChar)
../../libraries/libchip_atsam3s/lib/libchip_atsam3s4_gcc_rel.a(flashd.o)
                              obj/sram_main.o (FLASHD_ReadUniqueID)
../../libraries/libchip_atsam3s/lib/libchip_atsam3s4_gcc_rel.a(pio.o)
                              ../../libraries/libboard_atsam3s-ek/lib/libboard_atsam3s_ek_gcc_rel.a(uart_console.o) (PIO_Configure)
../../libraries/libchip_atsam3s/lib/libchip_atsam3s4_gcc_rel.a(pmc.o)
                              ../../libraries/libchip_atsam3s/lib/libchip_atsam3s4_gcc_rel.a(pio.o) (PMC_EnablePeripheral)
../../libraries/libchip_atsam3s/lib/libchip_atsam3s4_gcc_rel.a(usart.o)
                              obj/sram_main.o (USART_Configure)
../../libraries/libchip_atsam3s/lib/libchip_atsam3s4_gcc_rel.a(wdt.o)
                              obj/sram_main.o (WDT_Disable)
../../libraries/libchip_atsam3s/lib/libchip_atsam3s4_gcc_rel.a(efc.o)
                              ../../libraries/libchip_atsam3s/lib/libchip_atsam3s4_gcc_rel.a(flashd.o) (EFC_DisableFrdyIt)
/work/bin/arm-2009q1/bin/../lib/gcc/arm-none-eabi/4.3.3/../../../../arm-none-eabi/lib/thumb2/libc.a(lib_a-impure.o)
                              ../../libraries/libboard_atsam3s-ek/lib/libboard_atsam3s_ek_gcc_rel.a(uart_console.o) (_impure_ptr)
/work/bin/arm-2009q1/bin/../lib/gcc/arm-none-eabi/4.3.3/../../../../arm-none-eabi/lib/thumb2/libc.a(lib_a-memcpy.o)
                              obj/sram_main.o (memcpy)
/work/bin/arm-2009q1/bin/../lib/gcc/arm-none-eabi/4.3.3/../../../../arm-none-eabi/lib/thumb2/libc.a(lib_a-printf.o)
                              ../../libraries/libboard_atsam3s-ek/lib/libboard_atsam3s_ek_gcc_rel.a(uart_console.o) (printf)
/work/bin/arm-2009q1/bin/../lib/gcc/arm-none-eabi/4.3.3/../../../../arm-none-eabi/lib/thumb2/libc.a(lib_a-vfprintf.o)
                              /work/bin/arm-2009q1/bin/../lib/gcc/arm-none-eabi/4.3.3/../../../../arm-none-eabi/lib/thumb2/libc.a(lib_a-printf.o) (_vfprintf_r)
/work/bin/arm-2009q1/bin/../lib/gcc/arm-none-eabi/4.3.3/../../../../arm-none-eabi/lib/thumb2/libc.a(lib_a-wsetup.o)
                              /work/bin/arm-2009q1/bin/../lib/gcc/arm-none-eabi/4.3.3/../../../../arm-none-eabi/lib/thumb2/libc.a(lib_a-vfprintf.o) (__swsetup_r)
/work/bin/arm-2009q1/bin/../lib/gcc/arm-none-eabi/4.3.3/../../../../arm-none-eabi/lib/thumb2/libc.a(lib_a-dtoa.o)
                              /work/bin/arm-2009q1/bin/../lib/gcc/arm-none-eabi/4.3.3/../../../../arm-none-eabi/lib/thumb2/libc.a(lib_a-vfprintf.o) (_dtoa_r)
/work/bin/arm-2009q1/bin/../lib/gcc/arm-none-eabi/4.3.3/../../../../arm-none-eabi/lib/thumb2/libc.a(lib_a-fflush.o)
                              /work/bin/arm-2009q1/bin/../lib/gcc/arm-none-eabi/4.3.3/../../../../arm-none-eabi/lib/thumb2/libc.a(lib_a-vfprintf.o) (_fflush_r)
/work/bin/arm-2009q1/bin/../lib/gcc/arm-none-eabi/4.3.3/../../../../arm-none-eabi/lib/thumb2/libc.a(lib_a-findfp.o)
                              /work/bin/arm-2009q1/bin/../lib/gcc/arm-none-eabi/4.3.3/../../../../arm-none-eabi/lib/thumb2/libc.a(lib_a-printf.o) (__sinit)
/work/bin/arm-2009q1/bin/../lib/gcc/arm-none-eabi/4.3.3/../../../../arm-none-eabi/lib/thumb2/libc.a(lib_a-freer.o)
                              /work/bin/arm-2009q1/bin/../lib/gcc/arm-none-eabi/4.3.3/../../../../arm-none-eabi/lib/thumb2/libc.a(lib_a-wsetup.o) (_free_r)
/work/bin/arm-2009q1/bin/../lib/gcc/arm-none-eabi/4.3.3/../../../../arm-none-eabi/lib/thumb2/libc.a(lib_a-fvwrite.o)
                              /work/bin/arm-2009q1/bin/../lib/gcc/arm-none-eabi/4.3.3/../../../../arm-none-eabi/lib/thumb2/libc.a(lib_a-vfprintf.o) (__sfvwrite_r)
/work/bin/arm-2009q1/bin/../lib/gcc/arm-none-eabi/4.3.3/../../../../arm-none-eabi/lib/thumb2/libc.a(lib_a-fwalk.o)
                              /work/bin/arm-2009q1/bin/../lib/gcc/arm-none-eabi/4.3.3/../../../../arm-none-eabi/lib/thumb2/libc.a(lib_a-fflush.o) (_fwalk_reent)
/work/bin/arm-2009q1/bin/../lib/gcc/arm-none-eabi/4.3.3/../../../../arm-none-eabi/lib/thumb2/libc.a(lib_a-locale.o)
                              /work/bin/arm-2009q1/bin/../lib/gcc/arm-none-eabi/4.3.3/../../../../arm-none-eabi/lib/thumb2/libc.a(lib_a-vfprintf.o) (_localeconv_r)
/work/bin/arm-2009q1/bin/../lib/gcc/arm-none-eabi/4.3.3/../../../../arm-none-eabi/lib/thumb2/libc.a(lib_a-makebuf.o)
                              /work/bin/arm-2009q1/bin/../lib/gcc/arm-none-eabi/4.3.3/../../../../arm-none-eabi/lib/thumb2/libc.a(lib_a-wsetup.o) (__smakebuf_r)
/work/bin/arm-2009q1/bin/../lib/gcc/arm-none-eabi/4.3.3/../../../../arm-none-eabi/lib/thumb2/libc.a(lib_a-malloc.o)
[...]
Memory Configuration

Name             Origin             Length             Attributes
romcodesram      0x20000000         0x00001000         w !xr
sram             0x20001000         0x0000b000         w !xr
*default*        0x00000000         0xffffffff

Linker script and memory map

LOAD obj/sram_main.o
LOAD obj/sram_isp_cstartup.o
LOAD ../../libraries/libboard_atsam3s-ek/lib/libboard_atsam3s_ek_gcc_rel.a
LOAD ../../libraries/libchip_atsam3s/lib/libchip_atsam3s4_gcc_rel.a
START GROUP
LOAD /work/bin/arm-2009q1/bin/../lib/gcc/arm-none-eabi/4.3.3/thumb2/libgcc.a
LOAD /work/bin/arm-2009q1/bin/../lib/gcc/arm-none-eabi/4.3.3/../../../../arm-none-eabi/lib/thumb2/libc.a
END GROUP

.text           0x20001000      0xc08
                0x20001000                . = ALIGN (0x4)
                0x20001000                _stext = .
 *(.isr_vector .isr_vector.*)
 .isr_vector    0x20001000       0x40 obj/sram_isp_cstartup.o
                0x20001000                exception_table
 *(.mailbox)
 .mailbox       0x20001040       0x80 obj/sram_isp_cstartup.o
                0x20001040                mailbox
 *(.text .text.*)
 .text.main     0x200010c0      0x1e8 obj/sram_main.o
                0x200010c0                main
 .text.ResetException
                0x200012a8       0x80 obj/sram_isp_cstartup.o
                0x200012a8                ResetException
 .text.LowLevelInit
                0x20001328       0xdc ../../libraries/libboard_atsam3s-ek/lib/libboard_atsam3s_ek_gcc_rel.a(board_lowlevel.o)
                0x20001328                LowLevelInit
 .text.UART_Configure
                0x20001404       0x54 ../../libraries/libboard_atsam3s-ek/lib/libboard_atsam3s_ek_gcc_rel.a(uart_console.o)
                0x20001404                UART_Configure
 .text.UART_PutChar
                0x20001458       0x34 ../../libraries/libboard_atsam3s-ek/lib/libboard_atsam3s_ek_gcc_rel.a(uart_console.o)
                0x20001458                UART_PutChar
 .text.FLASHD_ReadUniqueID
                0x2000148c       0x60 ../../libraries/libchip_atsam3s/lib/libchip_atsam3s4_gcc_rel.a(flashd.o)
                0x2000148c                FLASHD_ReadUniqueID
 .text.FLASHD_IsGPNVMSet
                0x200014ec       0x38 ../../libraries/libchip_atsam3s/lib/libchip_atsam3s4_gcc_rel.a(flashd.o)
                0x200014ec                FLASHD_IsGPNVMSet
 .text.FLASHD_ClearGPNVM
                0x20001524       0x2c ../../libraries/libchip_atsam3s/lib/libchip_atsam3s4_gcc_rel.a(flashd.o)
                0x20001524                FLASHD_ClearGPNVM
 .text.FLASHD_SetGPNVM
                0x20001550       0x30 ../../libraries/libchip_atsam3s/lib/libchip_atsam3s4_gcc_rel.a(flashd.o)
                0x20001550                FLASHD_SetGPNVM
 .text.FLASHD_IsLocked
                0x20001580       0x78 ../../libraries/libchip_atsam3s/lib/libchip_atsam3s4_gcc_rel.a(flashd.o)
                0x20001580                FLASHD_IsLocked
 .text.FLASHD_Erase
                0x200015f8       0x2c ../../libraries/libchip_atsam3s/lib/libchip_atsam3s4_gcc_rel.a(flashd.o)
                0x200015f8                FLASHD_Erase
 .text.ComputeLockRange
                0x20001624       0x64 ../../libraries/libchip_atsam3s/lib/libchip_atsam3s4_gcc_rel.a(flashd.o)
 .text.FLASHD_Unlock
                0x20001688       0x74 ../../libraries/libchip_atsam3s/lib/libchip_atsam3s4_gcc_rel.a(flashd.o)
                0x20001688                FLASHD_Unlock
 .text.FLASHD_Lock
                0x200016fc       0x74 ../../libraries/libchip_atsam3s/lib/libchip_atsam3s4_gcc_rel.a(flashd.o)
                0x200016fc                FLASHD_Lock
 .text.FLASHD_Write
                0x20001770       0xcc ../../libraries/libchip_atsam3s/lib/libchip_atsam3s4_gcc_rel.a(flashd.o)
                0x20001770                FLASHD_Write
 .text.PIO_Configure
                0x2000183c      0x158 ../../libraries/libchip_atsam3s/lib/libchip_atsam3s4_gcc_rel.a(pio.o)
                0x2000183c                PIO_Configure
 .text.PMC_EnablePeripheral
                0x20001994       0x40 ../../libraries/libchip_atsam3s/lib/libchip_atsam3s4_gcc_rel.a(pmc.o)
                0x20001994                PMC_EnablePeripheral
 .text.USART_Configure
                0x200019d4       0x48 ../../libraries/libchip_atsam3s/lib/libchip_atsam3s4_gcc_rel.a(usart.o)
                0x200019d4                USART_Configure
 .text.USART_SetTransmitterEnabled
                0x20001a1c        0xc ../../libraries/libchip_atsam3s/lib/libchip_atsam3s4_gcc_rel.a(usart.o)
                0x20001a1c                USART_SetTransmitterEnabled
 .text.USART_SetReceiverEnabled
                0x20001a28        0xc ../../libraries/libchip_atsam3s/lib/libchip_atsam3s4_gcc_rel.a(usart.o)
                0x20001a28                USART_SetReceiverEnabled
 .text.WDT_Disable
                0x20001a34        0x8 ../../libraries/libchip_atsam3s/lib/libchip_atsam3s4_gcc_rel.a(wdt.o)
                0x20001a34                WDT_Disable
 .text.EFC_GetResult
                0x20001a3c        0x4 ../../libraries/libchip_atsam3s/lib/libchip_atsam3s4_gcc_rel.a(efc.o)
                0x20001a3c                EFC_GetResult
 .text.EFC_TranslateAddress
                0x20001a40       0x20 ../../libraries/libchip_atsam3s/lib/libchip_atsam3s4_gcc_rel.a(efc.o)
                0x20001a40                EFC_TranslateAddress
 .text.EFC_ComputeAddress
                0x20001a60       0x10 ../../libraries/libchip_atsam3s/lib/libchip_atsam3s4_gcc_rel.a(efc.o)
                0x20001a60                EFC_ComputeAddress
 .text.EFC_StartCommand
                0x20001a70        0xc ../../libraries/libchip_atsam3s/lib/libchip_atsam3s4_gcc_rel.a(efc.o)
                0x20001a70                EFC_StartCommand
 .text.EFC_PerformCommand
                0x20001a7c       0x54 ../../libraries/libchip_atsam3s/lib/libchip_atsam3s4_gcc_rel.a(efc.o)
                0x20001a7c                EFC_PerformCommand
 .text          0x20001ad0      0x12c /work/bin/arm-2009q1/bin/../lib/gcc/arm-none-eabi/4.3.3/../../../../arm-none-eabi/lib/thumb2/libc.a(lib_a-memcpy.o)
                0x20001ad0                memcpy
 *(.rodata .rodata.*)
 .rodata        0x20001bfc        0xc ../../libraries/libboard_atsam3s-ek/lib/libboard_atsam3s_ek_gcc_rel.a(uart_console.o)
 *(.glue_7)
 .glue_7        0x00000000        0x0 linker stubs
 *(.glue_7t)
 .glue_7t       0x00000000        0x0 linker stubs
 *(.gcc_except_table)
 *(.rodata .rodata*)
 *(.gnu.linkonce.r.*)
                0x20001c08                . = ALIGN (0x4)
                0x20001c08                _etext = .

.vfp11_veneer   0x00000000        0x0
 .vfp11_veneer  0x00000000        0x0 linker stubs

.v4_bx          0x00000000        0x0
 .v4_bx         0x00000000        0x0 linker stubs

.data           0x20001c08        0x0
                0x20001c08                . = ALIGN (0x4)
                0x20001c08                _sidata = .
                0x20001c08                _sdata = .
 *(.data)
 *(.data.*)
                0x20001c08                . = ALIGN (0x4)
                0x20001c08                _edata = .

.bss            0x20001c08      0x130
                0x20001c08                _szero = .
 *(.bss)
 .bss           0x20001c08       0x20 obj/sram_main.o
 .bss           0x20001c28        0x4 obj/sram_isp_cstartup.o
                0x20001c28                isInitialized
 .bss           0x20001c2c        0x1 ../../libraries/libboard_atsam3s-ek/lib/libboard_atsam3s_ek_gcc_rel.a(uart_console.o)
 *fill*         0x20001c2d        0x3 00
 .bss           0x20001c30      0x104 ../../libraries/libchip_atsam3s/lib/libchip_atsam3s4_gcc_rel.a(flashd.o)
 .bss           0x20001d34        0x4 ../../libraries/libchip_atsam3s/lib/libchip_atsam3s4_gcc_rel.a(efc.o)
                0x20001d38                . = ALIGN (0x4)
                0x20001d38                _ezero = .
                0x2000bffc                _sstack = 0x2000bffc
                0x20001d38                end = .
OUTPUT(bin/isp-flash-atsam3s4.elf elf32-littlearm)

.debug_abbrev   0x00000000      0x23b
 .debug_abbrev  0x00000000      0x16a obj/sram_main.o
 .debug_abbrev  0x0000016a       0xd1 obj/sram_isp_cstartup.o

.debug_info     0x00000000      0x787
 .debug_info    0x00000000      0x604 obj/sram_main.o
 .debug_info    0x00000604      0x183 obj/sram_isp_cstartup.o

.debug_line     0x00000000      0x241
 .debug_line    0x00000000      0x17a obj/sram_main.o
 .debug_line    0x0000017a       0xc7 obj/sram_isp_cstartup.o

.debug_frame    0x00000000      0xc70
 .debug_frame   0x00000000       0x34 obj/sram_main.o
 .debug_frame   0x00000034       0x2c obj/sram_isp_cstartup.o
 .debug_frame   0x00000060       0x30 /work/bin/arm-2009q1/bin/../lib/gcc/arm-none-eabi/4.3.3/../../../../arm-none-eabi/lib/thumb2/libc.a(lib_a-memcpy.o)
 .debug_frame   0x00000090       0x5c /work/bin/arm-2009q1/bin/../lib/gcc/arm-none-eabi/4.3.3/../../../../arm-none-eabi/lib/thumb2/libc.a(lib_a-printf.o)
 .debug_frame   0x000000ec       0x74 /work/bin/arm-2009q1/bin/../lib/gcc/arm-none-eabi/4.3.3/../../../../arm-none-eabi/lib/thumb2/libc.a(lib_a-vfprintf.o)
 .debug_frame   0x00000160       0x2c /work/bin/arm-2009q1/bin/../lib/gcc/arm-none-eabi/4.3.3/../../../../arm-none-eabi/lib/thumb2/libc.a(lib_a-wsetup.o)
 .debug_frame   0x0000018c       0x64 /work/bin/arm-2009q1/bin/../lib/gcc/arm-none-eabi/4.3.3/../../../../arm-none-eabi/lib/thumb2/libc.a(lib_a-dtoa.o)
 .debug_frame   0x000001f0       0x48 /work/bin/arm-2009q1/bin/../lib/gcc/arm-none-eabi/4.3.3/../../../../arm-none-eabi/lib/thumb2/libc.a(lib_a-fflush.o)
 .debug_frame   0x00000238      0x13c /work/bin/arm-2009q1/bin/../lib/gcc/arm-none-eabi/4.3.3/../../../../arm-none-eabi/lib/thumb2/libc.a(lib_a-findfp.o)
 .debug_frame   0x00000374       0x50 /work/bin/arm-2009q1/bin/../lib/gcc/arm-none-eabi/4.3.3/../../../../arm-none-eabi/lib/thumb2/libc.a(lib_a-freer.o)
 .debug_frame   0x000003c4       0x38 /work/bin/arm-2009q1/bin/../lib/gcc/arm-none-eabi/4.3.3/../../../../arm-none-eabi/lib/thumb2/libc.a(lib_a-fvwrite.o)
 .debug_frame   0x000003fc       0x58 /work/bin/arm-2009q1/bin/../lib/gcc/arm-none-eabi/4.3.3/../../../../arm-none-eabi/lib/thumb2/libc.a(lib_a-fwalk.o)
 .debug_frame   0x00000454       0x74 /work/bin/arm-2009q1/bin/../lib/gcc/arm-none-eabi/4.3.3/../../../../arm-none-eabi/lib/thumb2/libc.a(lib_a-locale.o)
 .debug_frame   0x000004c8       0x30 /work/bin/arm-2009q1/bin/../lib/gcc/arm-none-eabi/4.3.3/../../../../arm-none-eabi/lib/thumb2/libc.a(lib_a-makebuf.o)
 .debug_frame   0x000004f8       0x40 /work/bin/arm-2009q1/bin/../lib/gcc/arm-none-eabi/4.3.3/../../../../arm-none-eabi/lib/thumb2/libc.a(lib_a-malloc.o)
 .debug_frame   0x00000538       0x38 /work/bin/arm-2009q1/bin/../lib/gcc/arm-none-eabi/4.3.3/../../../../arm-none-eabi/lib/thumb2/libc.a(lib_a-mallocr.o)
 .debug_frame   0x00000570       0x28 /work/bin/arm-2009q1/bin/../lib/gcc/arm-none-eabi/4.3.3/../../../../arm-none-eabi/lib/thumb2/libc.a(lib_a-memchr.o)
 .debug_frame   0x00000598       0x2c /work/bin/arm-2009q1/bin/../lib/gcc/arm-none-eabi/4.3.3/../../../../arm-none-eabi/lib/thumb2/libc.a(lib_a-memmove.o)
 .debug_frame   0x000005c4       0x28 /work/bin/arm-2009q1/bin/../lib/gcc/arm-none-eabi/4.3.3/../../../../arm-none-eabi/lib/thumb2/libc.a(lib_a-memset.o)
 .debug_frame   0x000005ec       0x30 /work/bin/arm-2009q1/bin/../lib/gcc/arm-none-eabi/4.3.3/../../../../arm-none-eabi/lib/thumb2/libc.a(lib_a-mlock.o)
 .debug_frame   0x0000061c      0x228 /work/bin/arm-2009q1/bin/../lib/gcc/arm-none-eabi/4.3.3/../../../../arm-none-eabi/lib/thumb2/libc.a(lib_a-mprec.o)
 .debug_frame   0x00000844       0x38 /work/bin/arm-2009q1/bin/../lib/gcc/arm-none-eabi/4.3.3/../../../../arm-none-eabi/lib/thumb2/libc.a(lib_a-reallocr.o)
 .debug_frame   0x0000087c       0x28 /work/bin/arm-2009q1/bin/../lib/gcc/arm-none-eabi/4.3.3/../../../../arm-none-eabi/lib/thumb2/libc.a(lib_a-s_isinfd.o)
 .debug_frame   0x000008a4       0x20 /work/bin/arm-2009q1/bin/../lib/gcc/arm-none-eabi/4.3.3/../../../../arm-none-eabi/lib/thumb2/libc.a(lib_a-s_isnand.o)
 .debug_frame   0x000008c4       0x2c /work/bin/arm-2009q1/bin/../lib/gcc/arm-none-eabi/4.3.3/../../../../arm-none-eabi/lib/thumb2/libc.a(lib_a-sbrkr.o)
 .debug_frame   0x000008f0       0x78 /work/bin/arm-2009q1/bin/../lib/gcc/arm-none-eabi/4.3.3/../../../../arm-none-eabi/lib/thumb2/libc.a(lib_a-stdio.o)
 .debug_frame   0x00000968       0x30 /work/bin/arm-2009q1/bin/../lib/gcc/arm-none-eabi/4.3.3/../../../../arm-none-eabi/lib/thumb2/libc.a(lib_a-strcmp.o)
 .debug_frame   0x00000998       0x20 /work/bin/arm-2009q1/bin/../lib/gcc/arm-none-eabi/4.3.3/../../../../arm-none-eabi/lib/thumb2/libc.a(lib_a-strlen.o)
 .debug_frame   0x000009b8       0x2c /work/bin/arm-2009q1/bin/../lib/gcc/arm-none-eabi/4.3.3/../../../../arm-none-eabi/lib/thumb2/libc.a(lib_a-writer.o)
 .debug_frame   0x000009e4       0x28 /work/bin/arm-2009q1/bin/../lib/gcc/arm-none-eabi/4.3.3/../../../../arm-none-eabi/lib/thumb2/libc.a(lib_a-callocr.o)
 .debug_frame   0x00000a0c       0x2c /work/bin/arm-2009q1/bin/../lib/gcc/arm-none-eabi/4.3.3/../../../../arm-none-eabi/lib/thumb2/libc.a(lib_a-closer.o)
 .debug_frame   0x00000a38       0x44 /work/bin/arm-2009q1/bin/../lib/gcc/arm-none-eabi/4.3.3/../../../../arm-none-eabi/lib/thumb2/libc.a(lib_a-fclose.o)
 .debug_frame   0x00000a7c       0x2c /work/bin/arm-2009q1/bin/../lib/gcc/arm-none-eabi/4.3.3/../../../../arm-none-eabi/lib/thumb2/libc.a(lib_a-fstatr.o)
 .debug_frame   0x00000aa8       0x2c /work/bin/arm-2009q1/bin/../lib/gcc/arm-none-eabi/4.3.3/../../../../arm-none-eabi/lib/thumb2/libc.a(lib_a-isattyr.o)
 .debug_frame   0x00000ad4       0x2c /work/bin/arm-2009q1/bin/../lib/gcc/arm-none-eabi/4.3.3/../../../../arm-none-eabi/lib/thumb2/libc.a(lib_a-lseekr.o)
 .debug_frame   0x00000b00       0x2c /work/bin/arm-2009q1/bin/../lib/gcc/arm-none-eabi/4.3.3/../../../../arm-none-eabi/lib/thumb2/libc.a(lib_a-readr.o)
 .debug_frame   0x00000b2c       0x64 /work/bin/arm-2009q1/bin/../lib/gcc/arm-none-eabi/4.3.3/../../../../arm-none-eabi/lib/thumb2/libc.a(lib_a-reent.o)
 .debug_frame   0x00000b90       0x20 /work/bin/arm-2009q1/bin/../lib/gcc/arm-none-eabi/4.3.3/thumb2/libgcc.a(_udivsi3.o)
 .debug_frame   0x00000bb0       0x50 /work/bin/arm-2009q1/bin/../lib/gcc/arm-none-eabi/4.3.3/thumb2/libgcc.a(bpabi.o)
 .debug_frame   0x00000c00       0x38 /work/bin/arm-2009q1/bin/../lib/gcc/arm-none-eabi/4.3.3/thumb2/libgcc.a(_divdi3.o)
 .debug_frame   0x00000c38       0x38 /work/bin/arm-2009q1/bin/../lib/gcc/arm-none-eabi/4.3.3/thumb2/libgcc.a(_udivdi3.o)

.debug_loc      0x00000000      0x12e
 .debug_loc     0x00000000       0xfc obj/sram_main.o
 .debug_loc     0x000000fc       0x32 obj/sram_isp_cstartup.o

.debug_pubnames
                0x00000000       0x72
 .debug_pubnames
                0x00000000       0x1b obj/sram_main.o
 .debug_pubnames
                0x0000001b       0x57 obj/sram_isp_cstartup.o

.debug_aranges  0x00000000       0x40
 .debug_aranges
                0x00000000       0x20 obj/sram_main.o
 .debug_aranges
                0x00000020       0x20 obj/sram_isp_cstartup.o

.debug_ranges   0x00000000       0x30
 .debug_ranges  0x00000000       0x18 obj/sram_main.o
 .debug_ranges  0x00000018       0x18 obj/sram_isp_cstartup.o

.debug_str      0x00000000      0x425
 .debug_str     0x00000000      0x398 obj/sram_main.o
                                0x3d1 (size before relaxing)
 .debug_str     0x00000398       0x8d obj/sram_isp_cstartup.o
                                0x17b (size before relaxing)

.comment        0x00000000      0x1ae
 .comment       0x00000000       0x2b obj/sram_main.o
 .comment       0x0000002b       0x2b obj/sram_isp_cstartup.o
 .comment       0x00000056       0x2b ../../libraries/libboard_atsam3s-ek/lib/libboard_atsam3s_ek_gcc_rel.a(board_lowlevel.o)
 .comment       0x00000081       0x2b ../../libraries/libboard_atsam3s-ek/lib/libboard_atsam3s_ek_gcc_rel.a(uart_console.o)
 .comment       0x000000ac       0x2b ../../libraries/libchip_atsam3s/lib/libchip_atsam3s4_gcc_rel.a(flashd.o)
 .comment       0x000000d7       0x2b ../../libraries/libchip_atsam3s/lib/libchip_atsam3s4_gcc_rel.a(pio.o)
 .comment       0x00000102       0x2b ../../libraries/libchip_atsam3s/lib/libchip_atsam3s4_gcc_rel.a(pmc.o)
 .comment       0x0000012d       0x2b ../../libraries/libchip_atsam3s/lib/libchip_atsam3s4_gcc_rel.a(usart.o)
 .comment       0x00000158       0x2b ../../libraries/libchip_atsam3s/lib/libchip_atsam3s4_gcc_rel.a(wdt.o)
 .comment       0x00000183       0x2b ../../libraries/libchip_atsam3s/lib/libchip_atsam3s4_gcc_rel.a(efc.o)

.ARM.attributes
                0x00000000       0x2f
 .ARM.attributes
                0x00000000       0x31 obj/sram_main.o
 .ARM.attributes
                0x00000031       0x31 obj/sram_isp_cstartup.o
 .ARM.attributes
                0x00000062       0x31 ../../libraries/libboard_atsam3s-ek/lib/libboard_atsam3s_ek_gcc_rel.a(board_lowlevel.o)
 .ARM.attributes
                0x00000093       0x31 ../../libraries/libboard_atsam3s-ek/lib/libboard_atsam3s_ek_gcc_rel.a(uart_console.o)
 .ARM.attributes
                0x000000c4       0x31 ../../libraries/libchip_atsam3s/lib/libchip_atsam3s4_gcc_rel.a(flashd.o)
 .ARM.attributes
                0x000000f5       0x31 ../../libraries/libchip_atsam3s/lib/libchip_atsam3s4_gcc_rel.a(pio.o)
 .ARM.attributes
                0x00000126       0x31 ../../libraries/libchip_atsam3s/lib/libchip_atsam3s4_gcc_rel.a(pmc.o)
 .ARM.attributes
                0x00000157       0x31 ../../libraries/libchip_atsam3s/lib/libchip_atsam3s4_gcc_rel.a(usart.o)
 .ARM.attributes
                0x00000188       0x31 ../../libraries/libchip_atsam3s/lib/libchip_atsam3s4_gcc_rel.a(wdt.o)
 .ARM.attributes
                0x000001b9       0x31 ../../libraries/libchip_atsam3s/lib/libchip_atsam3s4_gcc_rel.a(efc.o)
 .ARM.attributes
                0x000001ea       0x27 /work/bin/arm-2009q1/bin/../lib/gcc/arm-none-eabi/4.3.3/../../../../arm-none-eabi/lib/thumb2/libc.a(lib_a-impure.o)
 .ARM.attributes
                0x00000211       0x27 /work/bin/arm-2009q1/bin/../lib/gcc/arm-none-eabi/4.3.3/../../../../arm-none-eabi/lib/thumb2/libc.a(lib_a-memcpy.o)
 .ARM.attributes
                0x00000238       0x27 /work/bin/arm-2009q1/bin/../lib/gcc/arm-none-eabi/4.3.3/../../../../arm-none-eabi/lib/thumb2/libc.a(lib_a-printf.o)
 .ARM.attributes
                0x0000025f       0x27 /work/bin/arm-2009q1/bin/../lib/gcc/arm-none-eabi/4.3.3/../../../../arm-none-eabi/lib/thumb2/libc.a(lib_a-vfprintf.o)
 .ARM.attributes
                0x00000286       0x27 /work/bin/arm-2009q1/bin/../lib/gcc/arm-none-eabi/4.3.3/../../../../arm-none-eabi/lib/thumb2/libc.a(lib_a-wsetup.o)
 .ARM.attributes
                0x000002ad       0x27 /work/bin/arm-2009q1/bin/../lib/gcc/arm-none-eabi/4.3.3/../../../../arm-none-eabi/lib/thumb2/libc.a(lib_a-dtoa.o)
 .ARM.attributes
                0x000002d4       0x27 /work/bin/arm-2009q1/bin/../lib/gcc/arm-none-eabi/4.3.3/../../../../arm-none-eabi/lib/thumb2/libc.a(lib_a-fflush.o)
 .ARM.attributes
                0x000002fb       0x27 /work/bin/arm-2009q1/bin/../lib/gcc/arm-none-eabi/4.3.3/../../../../arm-none-eabi/lib/thumb2/libc.a(lib_a-findfp.o)
 .ARM.attributes
                0x00000322       0x27 /work/bin/arm-2009q1/bin/../lib/gcc/arm-none-eabi/4.3.3/../../../../arm-none-eabi/lib/thumb2/libc.a(lib_a-freer.o)
 .ARM.attributes
                0x00000349       0x27 /work/bin/arm-2009q1/bin/../lib/gcc/arm-none-eabi/4.3.3/../../../../arm-none-eabi/lib/thumb2/libc.a(lib_a-fvwrite.o)
 .ARM.attributes
                0x00000370       0x27 /work/bin/arm-2009q1/bin/../lib/gcc/arm-none-eabi/4.3.3/../../../../arm-none-eabi/lib/thumb2/libc.a(lib_a-fwalk.o)
 .ARM.attributes
                0x00000397       0x27 /work/bin/arm-2009q1/bin/../lib/gcc/arm-none-eabi/4.3.3/../../../../arm-none-eabi/lib/thumb2/libc.a(lib_a-locale.o)
 .ARM.attributes
                0x000003be       0x27 /work/bin/arm-2009q1/bin/../lib/gcc/arm-none-eabi/4.3.3/../../../../arm-none-eabi/lib/thumb2/libc.a(lib_a-makebuf.o)
 .ARM.attributes
                0x000003e5       0x27 /work/bin/arm-2009q1/bin/../lib/gcc/arm-none-eabi/4.3.3/../../../../arm-none-eabi/lib/thumb2/libc.a(lib_a-malloc.o)
 .ARM.attributes
                0x0000040c       0x27 /work/bin/arm-2009q1/bin/../lib/gcc/arm-none-eabi/4.3.3/../../../../arm-none-eabi/lib/thumb2/libc.a(lib_a-mallocr.o)
 .ARM.attributes
                0x00000433       0x27 /work/bin/arm-2009q1/bin/../lib/gcc/arm-none-eabi/4.3.3/../../../../arm-none-eabi/lib/thumb2/libc.a(lib_a-memchr.o)
 .ARM.attributes
                0x0000045a       0x27 /work/bin/arm-2009q1/bin/../lib/gcc/arm-none-eabi/4.3.3/../../../../arm-none-eabi/lib/thumb2/libc.a(lib_a-memmove.o)
 .ARM.attributes
                0x00000481       0x27 /work/bin/arm-2009q1/bin/../lib/gcc/arm-none-eabi/4.3.3/../../../../arm-none-eabi/lib/thumb2/libc.a(lib_a-memset.o)
 .ARM.attributes
                0x000004a8       0x27 /work/bin/arm-2009q1/bin/../lib/gcc/arm-none-eabi/4.3.3/../../../../arm-none-eabi/lib/thumb2/libc.a(lib_a-mlock.o)
 .ARM.attributes
                0x000004cf       0x27 /work/bin/arm-2009q1/bin/../lib/gcc/arm-none-eabi/4.3.3/../../../../arm-none-eabi/lib/thumb2/libc.a(lib_a-mprec.o)
 .ARM.attributes
                0x000004f6       0x27 /work/bin/arm-2009q1/bin/../lib/gcc/arm-none-eabi/4.3.3/../../../../arm-none-eabi/lib/thumb2/libc.a(lib_a-reallocr.o)
 .ARM.attributes
                0x0000051d       0x27 /work/bin/arm-2009q1/bin/../lib/gcc/arm-none-eabi/4.3.3/../../../../arm-none-eabi/lib/thumb2/libc.a(lib_a-s_isinfd.o)
 .ARM.attributes
                0x00000544       0x27 /work/bin/arm-2009q1/bin/../lib/gcc/arm-none-eabi/4.3.3/../../../../arm-none-eabi/lib/thumb2/libc.a(lib_a-s_isnand.o)
 .ARM.attributes
                0x0000056b       0x27 /work/bin/arm-2009q1/bin/../lib/gcc/arm-none-eabi/4.3.3/../../../../arm-none-eabi/lib/thumb2/libc.a(lib_a-sbrkr.o)
 .ARM.attributes
                0x00000592       0x27 /work/bin/arm-2009q1/bin/../lib/gcc/arm-none-eabi/4.3.3/../../../../arm-none-eabi/lib/thumb2/libc.a(lib_a-stdio.o)
 .ARM.attributes
                0x000005b9       0x27 /work/bin/arm-2009q1/bin/../lib/gcc/arm-none-eabi/4.3.3/../../../../arm-none-eabi/lib/thumb2/libc.a(lib_a-strcmp.o)
 .ARM.attributes
                0x000005e0       0x27 /work/bin/arm-2009q1/bin/../lib/gcc/arm-none-eabi/4.3.3/../../../../arm-none-eabi/lib/thumb2/libc.a(lib_a-strlen.o)
 .ARM.attributes
                0x00000607       0x27 /work/bin/arm-2009q1/bin/../lib/gcc/arm-none-eabi/4.3.3/../../../../arm-none-eabi/lib/thumb2/libc.a(lib_a-writer.o)
 .ARM.attributes
                0x0000062e       0x27 /work/bin/arm-2009q1/bin/../lib/gcc/arm-none-eabi/4.3.3/../../../../arm-none-eabi/lib/thumb2/libc.a(lib_a-callocr.o)
 .ARM.attributes
                0x00000655       0x27 /work/bin/arm-2009q1/bin/../lib/gcc/arm-none-eabi/4.3.3/../../../../arm-none-eabi/lib/thumb2/libc.a(lib_a-closer.o)
 .ARM.attributes
                0x0000067c       0x27 /work/bin/arm-2009q1/bin/../lib/gcc/arm-none-eabi/4.3.3/../../../../arm-none-eabi/lib/thumb2/libc.a(lib_a-fclose.o)
 .ARM.attributes
                0x000006a3       0x27 /work/bin/arm-2009q1/bin/../lib/gcc/arm-none-eabi/4.3.3/../../../../arm-none-eabi/lib/thumb2/libc.a(lib_a-fstatr.o)
 .ARM.attributes
                0x000006ca       0x27 /work/bin/arm-2009q1/bin/../lib/gcc/arm-none-eabi/4.3.3/../../../../arm-none-eabi/lib/thumb2/libc.a(lib_a-isattyr.o)
 .ARM.attributes
                0x000006f1       0x27 /work/bin/arm-2009q1/bin/../lib/gcc/arm-none-eabi/4.3.3/../../../../arm-none-eabi/lib/thumb2/libc.a(lib_a-lseekr.o)
 .ARM.attributes
                0x00000718       0x27 /work/bin/arm-2009q1/bin/../lib/gcc/arm-none-eabi/4.3.3/../../../../arm-none-eabi/lib/thumb2/libc.a(lib_a-readr.o)
 .ARM.attributes
                0x0000073f       0x27 /work/bin/arm-2009q1/bin/../lib/gcc/arm-none-eabi/4.3.3/../../../../arm-none-eabi/lib/thumb2/libc.a(lib_a-reent.o)
 .ARM.attributes
                0x00000766       0x17 /work/bin/arm-2009q1/bin/../lib/gcc/arm-none-eabi/4.3.3/thumb2/libgcc.a(_udivsi3.o)
 .ARM.attributes
                0x0000077d       0x17 /work/bin/arm-2009q1/bin/../lib/gcc/arm-none-eabi/4.3.3/thumb2/libgcc.a(_dvmd_tls.o)
 .ARM.attributes
                0x00000794       0x17 /work/bin/arm-2009q1/bin/../lib/gcc/arm-none-eabi/4.3.3/thumb2/libgcc.a(_arm_addsubdf3.o)
 .ARM.attributes
                0x000007ab       0x17 /work/bin/arm-2009q1/bin/../lib/gcc/arm-none-eabi/4.3.3/thumb2/libgcc.a(_arm_muldivdf3.o)
 .ARM.attributes
                0x000007c2       0x17 /work/bin/arm-2009q1/bin/../lib/gcc/arm-none-eabi/4.3.3/thumb2/libgcc.a(_arm_cmpdf2.o)
 .ARM.attributes
                0x000007d9       0x17 /work/bin/arm-2009q1/bin/../lib/gcc/arm-none-eabi/4.3.3/thumb2/libgcc.a(_arm_fixdfsi.o)
 .ARM.attributes
                0x000007f0       0x17 /work/bin/arm-2009q1/bin/../lib/gcc/arm-none-eabi/4.3.3/thumb2/libgcc.a(_aeabi_uldivmod.o)
 .ARM.attributes
                0x00000807       0x27 /work/bin/arm-2009q1/bin/../lib/gcc/arm-none-eabi/4.3.3/thumb2/libgcc.a(bpabi.o)
 .ARM.attributes
                0x0000082e       0x27 /work/bin/arm-2009q1/bin/../lib/gcc/arm-none-eabi/4.3.3/thumb2/libgcc.a(_divdi3.o)
 .ARM.attributes
                0x00000855       0x27 /work/bin/arm-2009q1/bin/../lib/gcc/arm-none-eabi/4.3.3/thumb2/libgcc.a(_udivdi3.o)
 .ARM.attributes
                0x0000087c       0x27 /work/bin/arm-2009q1/bin/../lib/gcc/arm-none-eabi/4.3.3/thumb2/libgcc.a(_clz.o)

Cross Reference Table

Symbol                                            File
EFC_ComputeAddress                                ../../libraries/libchip_atsam3s/lib/libchip_atsam3s4_gcc_rel.a(efc.o)
                                                  ../../libraries/libchip_atsam3s/lib/libchip_atsam3s4_gcc_rel.a(flashd.o)
EFC_DisableFrdyIt                                 ../../libraries/libchip_atsam3s/lib/libchip_atsam3s4_gcc_rel.a(efc.o)
                                                  ../../libraries/libchip_atsam3s/lib/libchip_atsam3s4_gcc_rel.a(flashd.o)
EFC_EnableFrdyIt                                  ../../libraries/libchip_atsam3s/lib/libchip_atsam3s4_gcc_rel.a(efc.o)
EFC_GetResult                                     ../../libraries/libchip_atsam3s/lib/libchip_atsam3s4_gcc_rel.a(efc.o)
                                                  ../../libraries/libchip_atsam3s/lib/libchip_atsam3s4_gcc_rel.a(flashd.o)
EFC_GetStatus                                     ../../libraries/libchip_atsam3s/lib/libchip_atsam3s4_gcc_rel.a(efc.o)
EFC_PerformCommand                                ../../libraries/libchip_atsam3s/lib/libchip_atsam3s4_gcc_rel.a(efc.o)
                                                  ../../libraries/libchip_atsam3s/lib/libchip_atsam3s4_gcc_rel.a(flashd.o)
EFC_SetWaitState                                  ../../libraries/libchip_atsam3s/lib/libchip_atsam3s4_gcc_rel.a(efc.o)
                                                  ../../libraries/libchip_atsam3s/lib/libchip_atsam3s4_gcc_rel.a(flashd.o)
EFC_StartCommand                                  ../../libraries/libchip_atsam3s/lib/libchip_atsam3s4_gcc_rel.a(efc.o)
                                                  ../../libraries/libchip_atsam3s/lib/libchip_atsam3s4_gcc_rel.a(flashd.o)
EFC_TranslateAddress                              ../../libraries/libchip_atsam3s/lib/libchip_atsam3s4_gcc_rel.a(efc.o)
                                                  ../../libraries/libchip_atsam3s/lib/libchip_atsam3s4_gcc_rel.a(flashd.o)
FLASHD_ClearGPNVM                                 ../../libraries/libchip_atsam3s/lib/libchip_atsam3s4_gcc_rel.a(flashd.o)
                                                  obj/sram_main.o
FLASHD_Erase                                      ../../libraries/libchip_atsam3s/lib/libchip_atsam3s4_gcc_rel.a(flashd.o)
                                                  obj/sram_main.o
FLASHD_Initialize                                 ../../libraries/libchip_atsam3s/lib/libchip_atsam3s4_gcc_rel.a(flashd.o)
FLASHD_IsGPNVMSet                                 ../../libraries/libchip_atsam3s/lib/libchip_atsam3s4_gcc_rel.a(flashd.o)
FLASHD_IsLocked                                   ../../libraries/libchip_atsam3s/lib/libchip_atsam3s4_gcc_rel.a(flashd.o)
                                                  obj/sram_main.o
FLASHD_Lock                                       ../../libraries/libchip_atsam3s/lib/libchip_atsam3s4_gcc_rel.a(flashd.o)
                                                  obj/sram_main.o
FLASHD_ReadUniqueID                               ../../libraries/libchip_atsam3s/lib/libchip_atsam3s4_gcc_rel.a(flashd.o)
                                                  obj/sram_main.o
FLASHD_SetGPNVM                                   ../../libraries/libchip_atsam3s/lib/libchip_atsam3s4_gcc_rel.a(flashd.o)
                                                  obj/sram_main.o
FLASHD_Unlock                                     ../../libraries/libchip_atsam3s/lib/libchip_atsam3s4_gcc_rel.a(flashd.o)
                                                  obj/sram_main.o
FLASHD_Write                                      ../../libraries/libchip_atsam3s/lib/libchip_atsam3s4_gcc_rel.a(flashd.o)
                                                  obj/sram_main.o
LowLevelInit                                      ../../libraries/libboard_atsam3s-ek/lib/libboard_atsam3s_ek_gcc_rel.a(board_lowlevel.o)
                                                  obj/sram_main.o
PIO_Clear                                         ../../libraries/libchip_atsam3s/lib/libchip_atsam3s4_gcc_rel.a(pio.o)
PIO_Configure                                     ../../libraries/libchip_atsam3s/lib/libchip_atsam3s4_gcc_rel.a(pio.o)
                                                  ../../libraries/libboard_atsam3s-ek/lib/libboard_atsam3s_ek_gcc_rel.a(uart_console.o)
PIO_Get                                           ../../libraries/libchip_atsam3s/lib/libchip_atsam3s4_gcc_rel.a(pio.o)
PIO_GetOutputDataStatus                           ../../libraries/libchip_atsam3s/lib/libchip_atsam3s4_gcc_rel.a(pio.o)
PIO_Set                                           ../../libraries/libchip_atsam3s/lib/libchip_atsam3s4_gcc_rel.a(pio.o)
PIO_SetDebounceFilter                             ../../libraries/libchip_atsam3s/lib/libchip_atsam3s4_gcc_rel.a(pio.o)
PMC_DisableAllPeripherals                         ../../libraries/libchip_atsam3s/lib/libchip_atsam3s4_gcc_rel.a(pmc.o)
PMC_DisablePeripheral                             ../../libraries/libchip_atsam3s/lib/libchip_atsam3s4_gcc_rel.a(pmc.o)
PMC_EnableAllPeripherals                          ../../libraries/libchip_atsam3s/lib/libchip_atsam3s4_gcc_rel.a(pmc.o)
PMC_EnablePeripheral                              ../../libraries/libchip_atsam3s/lib/libchip_atsam3s4_gcc_rel.a(pmc.o)
                                                  ../../libraries/libchip_atsam3s/lib/libchip_atsam3s4_gcc_rel.a(pio.o)
PMC_IsPeriphEnabled                               ../../libraries/libchip_atsam3s/lib/libchip_atsam3s4_gcc_rel.a(pmc.o)
ResetException                                    obj/sram_isp_cstartup.o
UART_Configure                                    ../../libraries/libboard_atsam3s-ek/lib/libboard_atsam3s_ek_gcc_rel.a(uart_console.o)
UART_DumpFrame                                    ../../libraries/libboard_atsam3s-ek/lib/libboard_atsam3s_ek_gcc_rel.a(uart_console.o)
UART_DumpMemory                                   ../../libraries/libboard_atsam3s-ek/lib/libboard_atsam3s_ek_gcc_rel.a(uart_console.o)
UART_GetChar                                      ../../libraries/libboard_atsam3s-ek/lib/libboard_atsam3s_ek_gcc_rel.a(uart_console.o)
UART_GetHexa32                                    ../../libraries/libboard_atsam3s-ek/lib/libboard_atsam3s_ek_gcc_rel.a(uart_console.o)
UART_GetInteger                                   ../../libraries/libboard_atsam3s-ek/lib/libboard_atsam3s_ek_gcc_rel.a(uart_console.o)
UART_GetIntegerMinMax                             ../../libraries/libboard_atsam3s-ek/lib/libboard_atsam3s_ek_gcc_rel.a(uart_console.o)
UART_IsRxReady                                    ../../libraries/libboard_atsam3s-ek/lib/libboard_atsam3s_ek_gcc_rel.a(uart_console.o)
UART_PutChar                                      ../../libraries/libboard_atsam3s-ek/lib/libboard_atsam3s_ek_gcc_rel.a(uart_console.o)
                                                  obj/sram_main.o
USART_Configure                                   ../../libraries/libchip_atsam3s/lib/libchip_atsam3s4_gcc_rel.a(usart.o)
                                                  obj/sram_main.o
USART_DisableIt                                   ../../libraries/libchip_atsam3s/lib/libchip_atsam3s4_gcc_rel.a(usart.o)
USART_EnableIt                                    ../../libraries/libchip_atsam3s/lib/libchip_atsam3s4_gcc_rel.a(usart.o)
USART_GetChar                                     ../../libraries/libchip_atsam3s/lib/libchip_atsam3s4_gcc_rel.a(usart.o)
USART_GetStatus                                   ../../libraries/libchip_atsam3s/lib/libchip_atsam3s4_gcc_rel.a(usart.o)
USART_IsDataAvailable                             ../../libraries/libchip_atsam3s/lib/libchip_atsam3s4_gcc_rel.a(usart.o)
USART_IsRxReady                                   ../../libraries/libchip_atsam3s/lib/libchip_atsam3s4_gcc_rel.a(usart.o)
USART_PutChar                                     ../../libraries/libchip_atsam3s/lib/libchip_atsam3s4_gcc_rel.a(usart.o)
USART_Read                                        ../../libraries/libchip_atsam3s/lib/libchip_atsam3s4_gcc_rel.a(usart.o)
USART_ReadBuffer                                  ../../libraries/libchip_atsam3s/lib/libchip_atsam3s4_gcc_rel.a(usart.o)
USART_SetIrdaFilter                               ../../libraries/libchip_atsam3s/lib/libchip_atsam3s4_gcc_rel.a(usart.o)
USART_SetReceiverEnabled                          ../../libraries/libchip_atsam3s/lib/libchip_atsam3s4_gcc_rel.a(usart.o)
                                                  obj/sram_main.o
USART_SetTransmitterEnabled                       ../../libraries/libchip_atsam3s/lib/libchip_atsam3s4_gcc_rel.a(usart.o)
                                                  obj/sram_main.o
USART_Write                                       ../../libraries/libchip_atsam3s/lib/libchip_atsam3s4_gcc_rel.a(usart.o)
USART_WriteBuffer                                 ../../libraries/libchip_atsam3s/lib/libchip_atsam3s4_gcc_rel.a(usart.o)
WDT_Disable                                       ../../libraries/libchip_atsam3s/lib/libchip_atsam3s4_gcc_rel.a(wdt.o)
                                                  obj/sram_main.o
WDT_Enable                                        ../../libraries/libchip_atsam3s/lib/libchip_atsam3s4_gcc_rel.a(wdt.o)
WDT_GetPeriod                                     ../../libraries/libchip_atsam3s/lib/libchip_atsam3s4_gcc_rel.a(wdt.o)
WDT_GetStatus                                     ../../libraries/libchip_atsam3s/lib/libchip_atsam3s4_gcc_rel.a(wdt.o)
WDT_Restart                                       ../../libraries/libchip_atsam3s/lib/libchip_atsam3s4_gcc_rel.a(wdt.o)
_Balloc                                           /work/bin/arm-2009q1/bin/../lib/gcc/arm-none-eabi/4.3.3/../../../../arm-none-eabi/lib/thumb2/libc.a(lib_a-mprec.o)
                                                  /work/bin/arm-2009q1/bin/../lib/gcc/arm-none-eabi/4.3.3/../../../../arm-none-eabi/lib/thumb2/libc.a(lib_a-dtoa.o)
_Bfree                                            /work/bin/arm-2009q1/bin/../lib/gcc/arm-none-eabi/4.3.3/../../../../arm-none-eabi/lib/thumb2/libc.a(lib_a-mprec.o)
                                                  /work/bin/arm-2009q1/bin/../lib/gcc/arm-none-eabi/4.3.3/../../../../arm-none-eabi/lib/thumb2/libc.a(lib_a-dtoa.o)
_PathLocale                                       /work/bin/arm-2009q1/bin/../lib/gcc/arm-none-eabi/4.3.3/../../../../arm-none-eabi/lib/thumb2/libc.a(lib_a-locale.o)
__adddf3                                          /work/bin/arm-2009q1/bin/../lib/gcc/arm-none-eabi/4.3.3/thumb2/libgcc.a(_arm_addsubdf3.o)
__aeabi_cdcmpeq                                   /work/bin/arm-2009q1/bin/../lib/gcc/arm-none-eabi/4.3.3/thumb2/libgcc.a(_arm_cmpdf2.o)
__aeabi_cdcmple                                   /work/bin/arm-2009q1/bin/../lib/gcc/arm-none-eabi/4.3.3/thumb2/libgcc.a(_arm_cmpdf2.o)
__aeabi_cdrcmple                                  /work/bin/arm-2009q1/bin/../lib/gcc/arm-none-eabi/4.3.3/thumb2/libgcc.a(_arm_cmpdf2.o)
__aeabi_d2iz                                      /work/bin/arm-2009q1/bin/../lib/gcc/arm-none-eabi/4.3.3/thumb2/libgcc.a(_arm_fixdfsi.o)
                                                  /work/bin/arm-2009q1/bin/../lib/gcc/arm-none-eabi/4.3.3/../../../../arm-none-eabi/lib/thumb2/libc.a(lib_a-dtoa.o)
__aeabi_dadd                                      /work/bin/arm-2009q1/bin/../lib/gcc/arm-none-eabi/4.3.3/thumb2/libgcc.a(_arm_addsubdf3.o)
                                                  /work/bin/arm-2009q1/bin/../lib/gcc/arm-none-eabi/4.3.3/../../../../arm-none-eabi/lib/thumb2/libc.a(lib_a-dtoa.o)
__aeabi_dcmpeq                                    /work/bin/arm-2009q1/bin/../lib/gcc/arm-none-eabi/4.3.3/thumb2/libgcc.a(_arm_cmpdf2.o)
                                                  /work/bin/arm-2009q1/bin/../lib/gcc/arm-none-eabi/4.3.3/../../../../arm-none-eabi/lib/thumb2/libc.a(lib_a-dtoa.o)
                                                  /work/bin/arm-2009q1/bin/../lib/gcc/arm-none-eabi/4.3.3/../../../../arm-none-eabi/lib/thumb2/libc.a(lib_a-vfprintf.o)
__aeabi_dcmpge                                    /work/bin/arm-2009q1/bin/../lib/gcc/arm-none-eabi/4.3.3/thumb2/libgcc.a(_arm_cmpdf2.o)
                                                  /work/bin/arm-2009q1/bin/../lib/gcc/arm-none-eabi/4.3.3/../../../../arm-none-eabi/lib/thumb2/libc.a(lib_a-dtoa.o)
__aeabi_dcmpgt                                    /work/bin/arm-2009q1/bin/../lib/gcc/arm-none-eabi/4.3.3/thumb2/libgcc.a(_arm_cmpdf2.o)
                                                  /work/bin/arm-2009q1/bin/../lib/gcc/arm-none-eabi/4.3.3/../../../../arm-none-eabi/lib/thumb2/libc.a(lib_a-dtoa.o)
__aeabi_dcmple                                    /work/bin/arm-2009q1/bin/../lib/gcc/arm-none-eabi/4.3.3/thumb2/libgcc.a(_arm_cmpdf2.o)
__aeabi_dcmplt                                    /work/bin/arm-2009q1/bin/../lib/gcc/arm-none-eabi/4.3.3/thumb2/libgcc.a(_arm_cmpdf2.o)
                                                  /work/bin/arm-2009q1/bin/../lib/gcc/arm-none-eabi/4.3.3/../../../../arm-none-eabi/lib/thumb2/libc.a(lib_a-dtoa.o)
                                                  /work/bin/arm-2009q1/bin/../lib/gcc/arm-none-eabi/4.3.3/../../../../arm-none-eabi/lib/thumb2/libc.a(lib_a-vfprintf.o)
__aeabi_ddiv                                      /work/bin/arm-2009q1/bin/../lib/gcc/arm-none-eabi/4.3.3/thumb2/libgcc.a(_arm_muldivdf3.o)
                                                  /work/bin/arm-2009q1/bin/../lib/gcc/arm-none-eabi/4.3.3/../../../../arm-none-eabi/lib/thumb2/libc.a(lib_a-mprec.o)
                                                  /work/bin/arm-2009q1/bin/../lib/gcc/arm-none-eabi/4.3.3/../../../../arm-none-eabi/lib/thumb2/libc.a(lib_a-dtoa.o)
__aeabi_dmul                                      /work/bin/arm-2009q1/bin/../lib/gcc/arm-none-eabi/4.3.3/thumb2/libgcc.a(_arm_muldivdf3.o)
                                                  /work/bin/arm-2009q1/bin/../lib/gcc/arm-none-eabi/4.3.3/../../../../arm-none-eabi/lib/thumb2/libc.a(lib_a-mprec.o)
                                                  /work/bin/arm-2009q1/bin/../lib/gcc/arm-none-eabi/4.3.3/../../../../arm-none-eabi/lib/thumb2/libc.a(lib_a-dtoa.o)
__aeabi_drsub                                     /work/bin/arm-2009q1/bin/../lib/gcc/arm-none-eabi/4.3.3/thumb2/libgcc.a(_arm_addsubdf3.o)
__aeabi_dsub                                      /work/bin/arm-2009q1/bin/../lib/gcc/arm-none-eabi/4.3.3/thumb2/libgcc.a(_arm_addsubdf3.o)
                                                  /work/bin/arm-2009q1/bin/../lib/gcc/arm-none-eabi/4.3.3/../../../../arm-none-eabi/lib/thumb2/libc.a(lib_a-dtoa.o)
__aeabi_f2d                                       /work/bin/arm-2009q1/bin/../lib/gcc/arm-none-eabi/4.3.3/thumb2/libgcc.a(_arm_addsubdf3.o)
__aeabi_i2d                                       /work/bin/arm-2009q1/bin/../lib/gcc/arm-none-eabi/4.3.3/thumb2/libgcc.a(_arm_addsubdf3.o)
                                                  /work/bin/arm-2009q1/bin/../lib/gcc/arm-none-eabi/4.3.3/../../../../arm-none-eabi/lib/thumb2/libc.a(lib_a-dtoa.o)
__aeabi_idiv0                                     /work/bin/arm-2009q1/bin/../lib/gcc/arm-none-eabi/4.3.3/thumb2/libgcc.a(_dvmd_tls.o)
                                                  /work/bin/arm-2009q1/bin/../lib/gcc/arm-none-eabi/4.3.3/thumb2/libgcc.a(_udivsi3.o)
__aeabi_l2d                                       /work/bin/arm-2009q1/bin/../lib/gcc/arm-none-eabi/4.3.3/thumb2/libgcc.a(_arm_addsubdf3.o)
__aeabi_ldiv0                                     /work/bin/arm-2009q1/bin/../lib/gcc/arm-none-eabi/4.3.3/thumb2/libgcc.a(_dvmd_tls.o)
                                                  /work/bin/arm-2009q1/bin/../lib/gcc/arm-none-eabi/4.3.3/thumb2/libgcc.a(_aeabi_uldivmod.o)
__aeabi_ui2d                                      /work/bin/arm-2009q1/bin/../lib/gcc/arm-none-eabi/4.3.3/thumb2/libgcc.a(_arm_addsubdf3.o)
                                                  /work/bin/arm-2009q1/bin/../lib/gcc/arm-none-eabi/4.3.3/../../../../arm-none-eabi/lib/thumb2/libc.a(lib_a-dtoa.o)
__aeabi_uidiv                                     /work/bin/arm-2009q1/bin/../lib/gcc/arm-none-eabi/4.3.3/thumb2/libgcc.a(_udivsi3.o)
                                                  /work/bin/arm-2009q1/bin/../lib/gcc/arm-none-eabi/4.3.3/thumb2/libgcc.a(_udivdi3.o)
                                                  /work/bin/arm-2009q1/bin/../lib/gcc/arm-none-eabi/4.3.3/thumb2/libgcc.a(_divdi3.o)
                                                  /work/bin/arm-2009q1/bin/../lib/gcc/arm-none-eabi/4.3.3/../../../../arm-none-eabi/lib/thumb2/libc.a(lib_a-dtoa.o)
__aeabi_uidivmod                                  /work/bin/arm-2009q1/bin/../lib/gcc/arm-none-eabi/4.3.3/thumb2/libgcc.a(_udivsi3.o)
                                                  /work/bin/arm-2009q1/bin/../lib/gcc/arm-none-eabi/4.3.3/thumb2/libgcc.a(_udivdi3.o)
                                                  /work/bin/arm-2009q1/bin/../lib/gcc/arm-none-eabi/4.3.3/thumb2/libgcc.a(_divdi3.o)
__aeabi_ul2d                                      /work/bin/arm-2009q1/bin/../lib/gcc/arm-none-eabi/4.3.3/thumb2/libgcc.a(_arm_addsubdf3.o)
__aeabi_uldivmod                                  /work/bin/arm-2009q1/bin/../lib/gcc/arm-none-eabi/4.3.3/thumb2/libgcc.a(_aeabi_uldivmod.o)
                                                  /work/bin/arm-2009q1/bin/../lib/gcc/arm-none-eabi/4.3.3/../../../../arm-none-eabi/lib/thumb2/libc.a(lib_a-vfprintf.o)
__any_on                                          /work/bin/arm-2009q1/bin/../lib/gcc/arm-none-eabi/4.3.3/../../../../arm-none-eabi/lib/thumb2/libc.a(lib_a-mprec.o)
__b2d                                             /work/bin/arm-2009q1/bin/../lib/gcc/arm-none-eabi/4.3.3/../../../../arm-none-eabi/lib/thumb2/libc.a(lib_a-mprec.o)
__clz_tab                                         /work/bin/arm-2009q1/bin/../lib/gcc/arm-none-eabi/4.3.3/thumb2/libgcc.a(_clz.o)
                                                  /work/bin/arm-2009q1/bin/../lib/gcc/arm-none-eabi/4.3.3/thumb2/libgcc.a(_udivdi3.o)
                                                  /work/bin/arm-2009q1/bin/../lib/gcc/arm-none-eabi/4.3.3/thumb2/libgcc.a(_divdi3.o)
__cmpdf2                                          /work/bin/arm-2009q1/bin/../lib/gcc/arm-none-eabi/4.3.3/thumb2/libgcc.a(_arm_cmpdf2.o)
__copybits                                        /work/bin/arm-2009q1/bin/../lib/gcc/arm-none-eabi/4.3.3/../../../../arm-none-eabi/lib/thumb2/libc.a(lib_a-mprec.o)
__d2b                                             /work/bin/arm-2009q1/bin/../lib/gcc/arm-none-eabi/4.3.3/../../../../arm-none-eabi/lib/thumb2/libc.a(lib_a-mprec.o)
                                                  /work/bin/arm-2009q1/bin/../lib/gcc/arm-none-eabi/4.3.3/../../../../arm-none-eabi/lib/thumb2/libc.a(lib_a-dtoa.o)
__divdf3                                          /work/bin/arm-2009q1/bin/../lib/gcc/arm-none-eabi/4.3.3/thumb2/libgcc.a(_arm_muldivdf3.o)
__divdi3                                          /work/bin/arm-2009q1/bin/../lib/gcc/arm-none-eabi/4.3.3/thumb2/libgcc.a(_divdi3.o)
                                                  /work/bin/arm-2009q1/bin/../lib/gcc/arm-none-eabi/4.3.3/thumb2/libgcc.a(bpabi.o)
__eqdf2                                           /work/bin/arm-2009q1/bin/../lib/gcc/arm-none-eabi/4.3.3/thumb2/libgcc.a(_arm_cmpdf2.o)
__extendsfdf2                                     /work/bin/arm-2009q1/bin/../lib/gcc/arm-none-eabi/4.3.3/thumb2/libgcc.a(_arm_addsubdf3.o)
__fixdfsi                                         /work/bin/arm-2009q1/bin/../lib/gcc/arm-none-eabi/4.3.3/thumb2/libgcc.a(_arm_fixdfsi.o)
__floatdidf                                       /work/bin/arm-2009q1/bin/../lib/gcc/arm-none-eabi/4.3.3/thumb2/libgcc.a(_arm_addsubdf3.o)
__floatsidf                                       /work/bin/arm-2009q1/bin/../lib/gcc/arm-none-eabi/4.3.3/thumb2/libgcc.a(_arm_addsubdf3.o)
__floatundidf                                     /work/bin/arm-2009q1/bin/../lib/gcc/arm-none-eabi/4.3.3/thumb2/libgcc.a(_arm_addsubdf3.o)
__floatunsidf                                     /work/bin/arm-2009q1/bin/../lib/gcc/arm-none-eabi/4.3.3/thumb2/libgcc.a(_arm_addsubdf3.o)
__fp_lock_all                                     /work/bin/arm-2009q1/bin/../lib/gcc/arm-none-eabi/4.3.3/../../../../arm-none-eabi/lib/thumb2/libc.a(lib_a-findfp.o)
__fp_unlock_all                                   /work/bin/arm-2009q1/bin/../lib/gcc/arm-none-eabi/4.3.3/../../../../arm-none-eabi/lib/thumb2/libc.a(lib_a-findfp.o)
__gedf2                                           /work/bin/arm-2009q1/bin/../lib/gcc/arm-none-eabi/4.3.3/thumb2/libgcc.a(_arm_cmpdf2.o)
__gnu_ldivmod_helper                              /work/bin/arm-2009q1/bin/../lib/gcc/arm-none-eabi/4.3.3/thumb2/libgcc.a(bpabi.o)
__gnu_uldivmod_helper                             /work/bin/arm-2009q1/bin/../lib/gcc/arm-none-eabi/4.3.3/thumb2/libgcc.a(bpabi.o)
                                                  /work/bin/arm-2009q1/bin/../lib/gcc/arm-none-eabi/4.3.3/thumb2/libgcc.a(_aeabi_uldivmod.o)
__gtdf2                                           /work/bin/arm-2009q1/bin/../lib/gcc/arm-none-eabi/4.3.3/thumb2/libgcc.a(_arm_cmpdf2.o)
__hi0bits                                         /work/bin/arm-2009q1/bin/../lib/gcc/arm-none-eabi/4.3.3/../../../../arm-none-eabi/lib/thumb2/libc.a(lib_a-mprec.o)
                                                  /work/bin/arm-2009q1/bin/../lib/gcc/arm-none-eabi/4.3.3/../../../../arm-none-eabi/lib/thumb2/libc.a(lib_a-dtoa.o)
__i2b                                             /work/bin/arm-2009q1/bin/../lib/gcc/arm-none-eabi/4.3.3/../../../../arm-none-eabi/lib/thumb2/libc.a(lib_a-mprec.o)
                                                  /work/bin/arm-2009q1/bin/../lib/gcc/arm-none-eabi/4.3.3/../../../../arm-none-eabi/lib/thumb2/libc.a(lib_a-dtoa.o)
__isinfd                                          /work/bin/arm-2009q1/bin/../lib/gcc/arm-none-eabi/4.3.3/../../../../arm-none-eabi/lib/thumb2/libc.a(lib_a-s_isinfd.o)
                                                  /work/bin/arm-2009q1/bin/../lib/gcc/arm-none-eabi/4.3.3/../../../../arm-none-eabi/lib/thumb2/libc.a(lib_a-vfprintf.o)
__isnand                                          /work/bin/arm-2009q1/bin/../lib/gcc/arm-none-eabi/4.3.3/../../../../arm-none-eabi/lib/thumb2/libc.a(lib_a-s_isnand.o)
                                                  /work/bin/arm-2009q1/bin/../lib/gcc/arm-none-eabi/4.3.3/../../../../arm-none-eabi/lib/thumb2/libc.a(lib_a-vfprintf.o)
__lc_ctype                                        /work/bin/arm-2009q1/bin/../lib/gcc/arm-none-eabi/4.3.3/../../../../arm-none-eabi/lib/thumb2/libc.a(lib_a-locale.o)
__ledf2                                           /work/bin/arm-2009q1/bin/../lib/gcc/arm-none-eabi/4.3.3/thumb2/libgcc.a(_arm_cmpdf2.o)
__lo0bits                                         /work/bin/arm-2009q1/bin/../lib/gcc/arm-none-eabi/4.3.3/../../../../arm-none-eabi/lib/thumb2/libc.a(lib_a-mprec.o)
__locale_charset                                  /work/bin/arm-2009q1/bin/../lib/gcc/arm-none-eabi/4.3.3/../../../../arm-none-eabi/lib/thumb2/libc.a(lib_a-locale.o)
__lshift                                          /work/bin/arm-2009q1/bin/../lib/gcc/arm-none-eabi/4.3.3/../../../../arm-none-eabi/lib/thumb2/libc.a(lib_a-mprec.o)
                                                  /work/bin/arm-2009q1/bin/../lib/gcc/arm-none-eabi/4.3.3/../../../../arm-none-eabi/lib/thumb2/libc.a(lib_a-dtoa.o)
__ltdf2                                           /work/bin/arm-2009q1/bin/../lib/gcc/arm-none-eabi/4.3.3/thumb2/libgcc.a(_arm_cmpdf2.o)
__malloc_av_                                      /work/bin/arm-2009q1/bin/../lib/gcc/arm-none-eabi/4.3.3/../../../../arm-none-eabi/lib/thumb2/libc.a(lib_a-mallocr.o)
                                                  /work/bin/arm-2009q1/bin/../lib/gcc/arm-none-eabi/4.3.3/../../../../arm-none-eabi/lib/thumb2/libc.a(lib_a-reallocr.o)
                                                  /work/bin/arm-2009q1/bin/../lib/gcc/arm-none-eabi/4.3.3/../../../../arm-none-eabi/lib/thumb2/libc.a(lib_a-freer.o)
__malloc_current_mallinfo                         /work/bin/arm-2009q1/bin/../lib/gcc/arm-none-eabi/4.3.3/../../../../arm-none-eabi/lib/thumb2/libc.a(lib_a-mallocr.o)
                                                  /work/bin/arm-2009q1/bin/../lib/gcc/arm-none-eabi/4.3.3/../../../../arm-none-eabi/lib/thumb2/libc.a(lib_a-freer.o)
__malloc_lock                                     /work/bin/arm-2009q1/bin/../lib/gcc/arm-none-eabi/4.3.3/../../../../arm-none-eabi/lib/thumb2/libc.a(lib_a-mlock.o)
                                                  /work/bin/arm-2009q1/bin/../lib/gcc/arm-none-eabi/4.3.3/../../../../arm-none-eabi/lib/thumb2/libc.a(lib_a-reallocr.o)
                                                  /work/bin/arm-2009q1/bin/../lib/gcc/arm-none-eabi/4.3.3/../../../../arm-none-eabi/lib/thumb2/libc.a(lib_a-mallocr.o)
                                                  /work/bin/arm-2009q1/bin/../lib/gcc/arm-none-eabi/4.3.3/../../../../arm-none-eabi/lib/thumb2/libc.a(lib_a-freer.o)
__malloc_max_sbrked_mem                           /work/bin/arm-2009q1/bin/../lib/gcc/arm-none-eabi/4.3.3/../../../../arm-none-eabi/lib/thumb2/libc.a(lib_a-mallocr.o)
__malloc_max_total_mem                            /work/bin/arm-2009q1/bin/../lib/gcc/arm-none-eabi/4.3.3/../../../../arm-none-eabi/lib/thumb2/libc.a(lib_a-mallocr.o)
__malloc_sbrk_base                                /work/bin/arm-2009q1/bin/../lib/gcc/arm-none-eabi/4.3.3/../../../../arm-none-eabi/lib/thumb2/libc.a(lib_a-mallocr.o)
                                                  /work/bin/arm-2009q1/bin/../lib/gcc/arm-none-eabi/4.3.3/../../../../arm-none-eabi/lib/thumb2/libc.a(lib_a-freer.o)
__malloc_top_pad                                  /work/bin/arm-2009q1/bin/../lib/gcc/arm-none-eabi/4.3.3/../../../../arm-none-eabi/lib/thumb2/libc.a(lib_a-mallocr.o)
                                                  /work/bin/arm-2009q1/bin/../lib/gcc/arm-none-eabi/4.3.3/../../../../arm-none-eabi/lib/thumb2/libc.a(lib_a-freer.o)
__malloc_trim_threshold                           /work/bin/arm-2009q1/bin/../lib/gcc/arm-none-eabi/4.3.3/../../../../arm-none-eabi/lib/thumb2/libc.a(lib_a-mallocr.o)
                                                  /work/bin/arm-2009q1/bin/../lib/gcc/arm-none-eabi/4.3.3/../../../../arm-none-eabi/lib/thumb2/libc.a(lib_a-freer.o)
__malloc_unlock                                   /work/bin/arm-2009q1/bin/../lib/gcc/arm-none-eabi/4.3.3/../../../../arm-none-eabi/lib/thumb2/libc.a(lib_a-mlock.o)
                                                  /work/bin/arm-2009q1/bin/../lib/gcc/arm-none-eabi/4.3.3/../../../../arm-none-eabi/lib/thumb2/libc.a(lib_a-reallocr.o)
                                                  /work/bin/arm-2009q1/bin/../lib/gcc/arm-none-eabi/4.3.3/../../../../arm-none-eabi/lib/thumb2/libc.a(lib_a-mallocr.o)
                                                  /work/bin/arm-2009q1/bin/../lib/gcc/arm-none-eabi/4.3.3/../../../../arm-none-eabi/lib/thumb2/libc.a(lib_a-freer.o)
__mb_cur_max                                      /work/bin/arm-2009q1/bin/../lib/gcc/arm-none-eabi/4.3.3/../../../../arm-none-eabi/lib/thumb2/libc.a(lib_a-locale.o)
__mcmp                                            /work/bin/arm-2009q1/bin/../lib/gcc/arm-none-eabi/4.3.3/../../../../arm-none-eabi/lib/thumb2/libc.a(lib_a-mprec.o)
                                                  /work/bin/arm-2009q1/bin/../lib/gcc/arm-none-eabi/4.3.3/../../../../arm-none-eabi/lib/thumb2/libc.a(lib_a-dtoa.o)
__mdiff                                           /work/bin/arm-2009q1/bin/../lib/gcc/arm-none-eabi/4.3.3/../../../../arm-none-eabi/lib/thumb2/libc.a(lib_a-mprec.o)
                                                  /work/bin/arm-2009q1/bin/../lib/gcc/arm-none-eabi/4.3.3/../../../../arm-none-eabi/lib/thumb2/libc.a(lib_a-dtoa.o)
__mlocale_changed                                 /work/bin/arm-2009q1/bin/../lib/gcc/arm-none-eabi/4.3.3/../../../../arm-none-eabi/lib/thumb2/libc.a(lib_a-locale.o)
__mprec_bigtens                                   /work/bin/arm-2009q1/bin/../lib/gcc/arm-none-eabi/4.3.3/../../../../arm-none-eabi/lib/thumb2/libc.a(lib_a-mprec.o)
                                                  /work/bin/arm-2009q1/bin/../lib/gcc/arm-none-eabi/4.3.3/../../../../arm-none-eabi/lib/thumb2/libc.a(lib_a-dtoa.o)
__mprec_tens                                      /work/bin/arm-2009q1/bin/../lib/gcc/arm-none-eabi/4.3.3/../../../../arm-none-eabi/lib/thumb2/libc.a(lib_a-mprec.o)
                                                  /work/bin/arm-2009q1/bin/../lib/gcc/arm-none-eabi/4.3.3/../../../../arm-none-eabi/lib/thumb2/libc.a(lib_a-dtoa.o)
__mprec_tinytens                                  /work/bin/arm-2009q1/bin/../lib/gcc/arm-none-eabi/4.3.3/../../../../arm-none-eabi/lib/thumb2/libc.a(lib_a-mprec.o)
__muldf3                                          /work/bin/arm-2009q1/bin/../lib/gcc/arm-none-eabi/4.3.3/thumb2/libgcc.a(_arm_muldivdf3.o)
__multadd                                         /work/bin/arm-2009q1/bin/../lib/gcc/arm-none-eabi/4.3.3/../../../../arm-none-eabi/lib/thumb2/libc.a(lib_a-mprec.o)
                                                  /work/bin/arm-2009q1/bin/../lib/gcc/arm-none-eabi/4.3.3/../../../../arm-none-eabi/lib/thumb2/libc.a(lib_a-dtoa.o)
__multiply                                        /work/bin/arm-2009q1/bin/../lib/gcc/arm-none-eabi/4.3.3/../../../../arm-none-eabi/lib/thumb2/libc.a(lib_a-mprec.o)
                                                  /work/bin/arm-2009q1/bin/../lib/gcc/arm-none-eabi/4.3.3/../../../../arm-none-eabi/lib/thumb2/libc.a(lib_a-dtoa.o)
__nedf2                                           /work/bin/arm-2009q1/bin/../lib/gcc/arm-none-eabi/4.3.3/thumb2/libgcc.a(_arm_cmpdf2.o)
__nlocale_changed                                 /work/bin/arm-2009q1/bin/../lib/gcc/arm-none-eabi/4.3.3/../../../../arm-none-eabi/lib/thumb2/libc.a(lib_a-locale.o)
__pow5mult                                        /work/bin/arm-2009q1/bin/../lib/gcc/arm-none-eabi/4.3.3/../../../../arm-none-eabi/lib/thumb2/libc.a(lib_a-mprec.o)
                                                  /work/bin/arm-2009q1/bin/../lib/gcc/arm-none-eabi/4.3.3/../../../../arm-none-eabi/lib/thumb2/libc.a(lib_a-dtoa.o)
__ratio                                           /work/bin/arm-2009q1/bin/../lib/gcc/arm-none-eabi/4.3.3/../../../../arm-none-eabi/lib/thumb2/libc.a(lib_a-mprec.o)
__s2b                                             /work/bin/arm-2009q1/bin/../lib/gcc/arm-none-eabi/4.3.3/../../../../arm-none-eabi/lib/thumb2/libc.a(lib_a-mprec.o)
__sclose                                          /work/bin/arm-2009q1/bin/../lib/gcc/arm-none-eabi/4.3.3/../../../../arm-none-eabi/lib/thumb2/libc.a(lib_a-stdio.o)
                                                  /work/bin/arm-2009q1/bin/../lib/gcc/arm-none-eabi/4.3.3/../../../../arm-none-eabi/lib/thumb2/libc.a(lib_a-findfp.o)
__sf_fake_stderr                                  /work/bin/arm-2009q1/bin/../lib/gcc/arm-none-eabi/4.3.3/../../../../arm-none-eabi/lib/thumb2/libc.a(lib_a-findfp.o)
                                                  /work/bin/arm-2009q1/bin/../lib/gcc/arm-none-eabi/4.3.3/../../../../arm-none-eabi/lib/thumb2/libc.a(lib_a-fclose.o)
                                                  /work/bin/arm-2009q1/bin/../lib/gcc/arm-none-eabi/4.3.3/../../../../arm-none-eabi/lib/thumb2/libc.a(lib_a-fflush.o)
                                                  /work/bin/arm-2009q1/bin/../lib/gcc/arm-none-eabi/4.3.3/../../../../arm-none-eabi/lib/thumb2/libc.a(lib_a-wsetup.o)
                                                  /work/bin/arm-2009q1/bin/../lib/gcc/arm-none-eabi/4.3.3/../../../../arm-none-eabi/lib/thumb2/libc.a(lib_a-vfprintf.o)
                                                  /work/bin/arm-2009q1/bin/../lib/gcc/arm-none-eabi/4.3.3/../../../../arm-none-eabi/lib/thumb2/libc.a(lib_a-impure.o)
__sf_fake_stdin                                   /work/bin/arm-2009q1/bin/../lib/gcc/arm-none-eabi/4.3.3/../../../../arm-none-eabi/lib/thumb2/libc.a(lib_a-findfp.o)
                                                  /work/bin/arm-2009q1/bin/../lib/gcc/arm-none-eabi/4.3.3/../../../../arm-none-eabi/lib/thumb2/libc.a(lib_a-fclose.o)
                                                  /work/bin/arm-2009q1/bin/../lib/gcc/arm-none-eabi/4.3.3/../../../../arm-none-eabi/lib/thumb2/libc.a(lib_a-fflush.o)
                                                  /work/bin/arm-2009q1/bin/../lib/gcc/arm-none-eabi/4.3.3/../../../../arm-none-eabi/lib/thumb2/libc.a(lib_a-wsetup.o)
                                                  /work/bin/arm-2009q1/bin/../lib/gcc/arm-none-eabi/4.3.3/../../../../arm-none-eabi/lib/thumb2/libc.a(lib_a-vfprintf.o)
                                                  /work/bin/arm-2009q1/bin/../lib/gcc/arm-none-eabi/4.3.3/../../../../arm-none-eabi/lib/thumb2/libc.a(lib_a-impure.o)
__sf_fake_stdout                                  /work/bin/arm-2009q1/bin/../lib/gcc/arm-none-eabi/4.3.3/../../../../arm-none-eabi/lib/thumb2/libc.a(lib_a-findfp.o)
                                                  /work/bin/arm-2009q1/bin/../lib/gcc/arm-none-eabi/4.3.3/../../../../arm-none-eabi/lib/thumb2/libc.a(lib_a-fclose.o)
                                                  /work/bin/arm-2009q1/bin/../lib/gcc/arm-none-eabi/4.3.3/../../../../arm-none-eabi/lib/thumb2/libc.a(lib_a-fflush.o)
                                                  /work/bin/arm-2009q1/bin/../lib/gcc/arm-none-eabi/4.3.3/../../../../arm-none-eabi/lib/thumb2/libc.a(lib_a-wsetup.o)
                                                  /work/bin/arm-2009q1/bin/../lib/gcc/arm-none-eabi/4.3.3/../../../../arm-none-eabi/lib/thumb2/libc.a(lib_a-vfprintf.o)
                                                  /work/bin/arm-2009q1/bin/../lib/gcc/arm-none-eabi/4.3.3/../../../../arm-none-eabi/lib/thumb2/libc.a(lib_a-impure.o)
__sfmoreglue                                      /work/bin/arm-2009q1/bin/../lib/gcc/arm-none-eabi/4.3.3/../../../../arm-none-eabi/lib/thumb2/libc.a(lib_a-findfp.o)
__sfp                                             /work/bin/arm-2009q1/bin/../lib/gcc/arm-none-eabi/4.3.3/../../../../arm-none-eabi/lib/thumb2/libc.a(lib_a-findfp.o)
__sfp_lock_acquire                                /work/bin/arm-2009q1/bin/../lib/gcc/arm-none-eabi/4.3.3/../../../../arm-none-eabi/lib/thumb2/libc.a(lib_a-findfp.o)
                                                  /work/bin/arm-2009q1/bin/../lib/gcc/arm-none-eabi/4.3.3/../../../../arm-none-eabi/lib/thumb2/libc.a(lib_a-fclose.o)
                                                  /work/bin/arm-2009q1/bin/../lib/gcc/arm-none-eabi/4.3.3/../../../../arm-none-eabi/lib/thumb2/libc.a(lib_a-fwalk.o)
__sfp_lock_release                                /work/bin/arm-2009q1/bin/../lib/gcc/arm-none-eabi/4.3.3/../../../../arm-none-eabi/lib/thumb2/libc.a(lib_a-findfp.o)
                                                  /work/bin/arm-2009q1/bin/../lib/gcc/arm-none-eabi/4.3.3/../../../../arm-none-eabi/lib/thumb2/libc.a(lib_a-fclose.o)
                                                  /work/bin/arm-2009q1/bin/../lib/gcc/arm-none-eabi/4.3.3/../../../../arm-none-eabi/lib/thumb2/libc.a(lib_a-fwalk.o)
__sfvwrite_r                                      /work/bin/arm-2009q1/bin/../lib/gcc/arm-none-eabi/4.3.3/../../../../arm-none-eabi/lib/thumb2/libc.a(lib_a-fvwrite.o)
                                                  /work/bin/arm-2009q1/bin/../lib/gcc/arm-none-eabi/4.3.3/../../../../arm-none-eabi/lib/thumb2/libc.a(lib_a-vfprintf.o)
__sinit                                           /work/bin/arm-2009q1/bin/../lib/gcc/arm-none-eabi/4.3.3/../../../../arm-none-eabi/lib/thumb2/libc.a(lib_a-findfp.o)
                                                  /work/bin/arm-2009q1/bin/../lib/gcc/arm-none-eabi/4.3.3/../../../../arm-none-eabi/lib/thumb2/libc.a(lib_a-fclose.o)
                                                  /work/bin/arm-2009q1/bin/../lib/gcc/arm-none-eabi/4.3.3/../../../../arm-none-eabi/lib/thumb2/libc.a(lib_a-fflush.o)
                                                  /work/bin/arm-2009q1/bin/../lib/gcc/arm-none-eabi/4.3.3/../../../../arm-none-eabi/lib/thumb2/libc.a(lib_a-wsetup.o)
                                                  /work/bin/arm-2009q1/bin/../lib/gcc/arm-none-eabi/4.3.3/../../../../arm-none-eabi/lib/thumb2/libc.a(lib_a-vfprintf.o)
                                                  /work/bin/arm-2009q1/bin/../lib/gcc/arm-none-eabi/4.3.3/../../../../arm-none-eabi/lib/thumb2/libc.a(lib_a-printf.o)
__sinit_lock_acquire                              /work/bin/arm-2009q1/bin/../lib/gcc/arm-none-eabi/4.3.3/../../../../arm-none-eabi/lib/thumb2/libc.a(lib_a-findfp.o)
__sinit_lock_release                              /work/bin/arm-2009q1/bin/../lib/gcc/arm-none-eabi/4.3.3/../../../../arm-none-eabi/lib/thumb2/libc.a(lib_a-findfp.o)
__smakebuf_r                                      /work/bin/arm-2009q1/bin/../lib/gcc/arm-none-eabi/4.3.3/../../../../arm-none-eabi/lib/thumb2/libc.a(lib_a-makebuf.o)
                                                  /work/bin/arm-2009q1/bin/../lib/gcc/arm-none-eabi/4.3.3/../../../../arm-none-eabi/lib/thumb2/libc.a(lib_a-wsetup.o)
__sread                                           /work/bin/arm-2009q1/bin/../lib/gcc/arm-none-eabi/4.3.3/../../../../arm-none-eabi/lib/thumb2/libc.a(lib_a-stdio.o)
                                                  /work/bin/arm-2009q1/bin/../lib/gcc/arm-none-eabi/4.3.3/../../../../arm-none-eabi/lib/thumb2/libc.a(lib_a-findfp.o)
__sseek                                           /work/bin/arm-2009q1/bin/../lib/gcc/arm-none-eabi/4.3.3/../../../../arm-none-eabi/lib/thumb2/libc.a(lib_a-stdio.o)
                                                  /work/bin/arm-2009q1/bin/../lib/gcc/arm-none-eabi/4.3.3/../../../../arm-none-eabi/lib/thumb2/libc.a(lib_a-makebuf.o)
                                                  /work/bin/arm-2009q1/bin/../lib/gcc/arm-none-eabi/4.3.3/../../../../arm-none-eabi/lib/thumb2/libc.a(lib_a-findfp.o)
__subdf3                                          /work/bin/arm-2009q1/bin/../lib/gcc/arm-none-eabi/4.3.3/thumb2/libgcc.a(_arm_addsubdf3.o)
__swrite                                          /work/bin/arm-2009q1/bin/../lib/gcc/arm-none-eabi/4.3.3/../../../../arm-none-eabi/lib/thumb2/libc.a(lib_a-stdio.o)
                                                  /work/bin/arm-2009q1/bin/../lib/gcc/arm-none-eabi/4.3.3/../../../../arm-none-eabi/lib/thumb2/libc.a(lib_a-findfp.o)
__swsetup_r                                       /work/bin/arm-2009q1/bin/../lib/gcc/arm-none-eabi/4.3.3/../../../../arm-none-eabi/lib/thumb2/libc.a(lib_a-wsetup.o)
                                                  /work/bin/arm-2009q1/bin/../lib/gcc/arm-none-eabi/4.3.3/../../../../arm-none-eabi/lib/thumb2/libc.a(lib_a-fvwrite.o)
                                                  /work/bin/arm-2009q1/bin/../lib/gcc/arm-none-eabi/4.3.3/../../../../arm-none-eabi/lib/thumb2/libc.a(lib_a-vfprintf.o)
__udivdi3                                         /work/bin/arm-2009q1/bin/../lib/gcc/arm-none-eabi/4.3.3/thumb2/libgcc.a(_udivdi3.o)
                                                  /work/bin/arm-2009q1/bin/../lib/gcc/arm-none-eabi/4.3.3/thumb2/libgcc.a(bpabi.o)
__udivsi3                                         /work/bin/arm-2009q1/bin/../lib/gcc/arm-none-eabi/4.3.3/thumb2/libgcc.a(_udivsi3.o)
__ulp                                             /work/bin/arm-2009q1/bin/../lib/gcc/arm-none-eabi/4.3.3/../../../../arm-none-eabi/lib/thumb2/libc.a(lib_a-mprec.o)
__ungetchar                                       ../../libraries/libboard_atsam3s-ek/lib/libboard_atsam3s_ek_gcc_rel.a(uart_console.o)
_calloc_r                                         /work/bin/arm-2009q1/bin/../lib/gcc/arm-none-eabi/4.3.3/../../../../arm-none-eabi/lib/thumb2/libc.a(lib_a-callocr.o)
                                                  /work/bin/arm-2009q1/bin/../lib/gcc/arm-none-eabi/4.3.3/../../../../arm-none-eabi/lib/thumb2/libc.a(lib_a-mprec.o)
_cleanup                                          /work/bin/arm-2009q1/bin/../lib/gcc/arm-none-eabi/4.3.3/../../../../arm-none-eabi/lib/thumb2/libc.a(lib_a-findfp.o)
_cleanup_r                                        /work/bin/arm-2009q1/bin/../lib/gcc/arm-none-eabi/4.3.3/../../../../arm-none-eabi/lib/thumb2/libc.a(lib_a-findfp.o)
                                                  /work/bin/arm-2009q1/bin/../lib/gcc/arm-none-eabi/4.3.3/../../../../arm-none-eabi/lib/thumb2/libc.a(lib_a-makebuf.o)
_close                                            /work/bin/arm-2009q1/bin/../lib/gcc/arm-none-eabi/4.3.3/../../../../arm-none-eabi/lib/thumb2/libc.a(lib_a-closer.o)
_close_r                                          /work/bin/arm-2009q1/bin/../lib/gcc/arm-none-eabi/4.3.3/../../../../arm-none-eabi/lib/thumb2/libc.a(lib_a-closer.o)
                                                  /work/bin/arm-2009q1/bin/../lib/gcc/arm-none-eabi/4.3.3/../../../../arm-none-eabi/lib/thumb2/libc.a(lib_a-stdio.o)
_dtoa_r                                           /work/bin/arm-2009q1/bin/../lib/gcc/arm-none-eabi/4.3.3/../../../../arm-none-eabi/lib/thumb2/libc.a(lib_a-dtoa.o)
                                                  /work/bin/arm-2009q1/bin/../lib/gcc/arm-none-eabi/4.3.3/../../../../arm-none-eabi/lib/thumb2/libc.a(lib_a-vfprintf.o)
_edata                                            obj/sram_isp_cstartup.o
_ezero                                            obj/sram_isp_cstartup.o
_fclose_r                                         /work/bin/arm-2009q1/bin/../lib/gcc/arm-none-eabi/4.3.3/../../../../arm-none-eabi/lib/thumb2/libc.a(lib_a-fclose.o)
_fflush_r                                         /work/bin/arm-2009q1/bin/../lib/gcc/arm-none-eabi/4.3.3/../../../../arm-none-eabi/lib/thumb2/libc.a(lib_a-fflush.o)
                                                  /work/bin/arm-2009q1/bin/../lib/gcc/arm-none-eabi/4.3.3/../../../../arm-none-eabi/lib/thumb2/libc.a(lib_a-fclose.o)
                                                  /work/bin/arm-2009q1/bin/../lib/gcc/arm-none-eabi/4.3.3/../../../../arm-none-eabi/lib/thumb2/libc.a(lib_a-fvwrite.o)
                                                  /work/bin/arm-2009q1/bin/../lib/gcc/arm-none-eabi/4.3.3/../../../../arm-none-eabi/lib/thumb2/libc.a(lib_a-vfprintf.o)
_free_r                                           /work/bin/arm-2009q1/bin/../lib/gcc/arm-none-eabi/4.3.3/../../../../arm-none-eabi/lib/thumb2/libc.a(lib_a-freer.o)
                                                  /work/bin/arm-2009q1/bin/../lib/gcc/arm-none-eabi/4.3.3/../../../../arm-none-eabi/lib/thumb2/libc.a(lib_a-reent.o)
                                                  /work/bin/arm-2009q1/bin/../lib/gcc/arm-none-eabi/4.3.3/../../../../arm-none-eabi/lib/thumb2/libc.a(lib_a-fclose.o)
                                                  /work/bin/arm-2009q1/bin/../lib/gcc/arm-none-eabi/4.3.3/../../../../arm-none-eabi/lib/thumb2/libc.a(lib_a-reallocr.o)
                                                  /work/bin/arm-2009q1/bin/../lib/gcc/arm-none-eabi/4.3.3/../../../../arm-none-eabi/lib/thumb2/libc.a(lib_a-mallocr.o)
                                                  /work/bin/arm-2009q1/bin/../lib/gcc/arm-none-eabi/4.3.3/../../../../arm-none-eabi/lib/thumb2/libc.a(lib_a-malloc.o)
                                                  /work/bin/arm-2009q1/bin/../lib/gcc/arm-none-eabi/4.3.3/../../../../arm-none-eabi/lib/thumb2/libc.a(lib_a-fvwrite.o)
                                                  /work/bin/arm-2009q1/bin/../lib/gcc/arm-none-eabi/4.3.3/../../../../arm-none-eabi/lib/thumb2/libc.a(lib_a-fflush.o)
                                                  /work/bin/arm-2009q1/bin/../lib/gcc/arm-none-eabi/4.3.3/../../../../arm-none-eabi/lib/thumb2/libc.a(lib_a-wsetup.o)
_fstat                                            /work/bin/arm-2009q1/bin/../lib/gcc/arm-none-eabi/4.3.3/../../../../arm-none-eabi/lib/thumb2/libc.a(lib_a-fstatr.o)
_fstat_r                                          /work/bin/arm-2009q1/bin/../lib/gcc/arm-none-eabi/4.3.3/../../../../arm-none-eabi/lib/thumb2/libc.a(lib_a-fstatr.o)
                                                  /work/bin/arm-2009q1/bin/../lib/gcc/arm-none-eabi/4.3.3/../../../../arm-none-eabi/lib/thumb2/libc.a(lib_a-makebuf.o)
_fwalk                                            /work/bin/arm-2009q1/bin/../lib/gcc/arm-none-eabi/4.3.3/../../../../arm-none-eabi/lib/thumb2/libc.a(lib_a-fwalk.o)
                                                  /work/bin/arm-2009q1/bin/../lib/gcc/arm-none-eabi/4.3.3/../../../../arm-none-eabi/lib/thumb2/libc.a(lib_a-findfp.o)
_fwalk_reent                                      /work/bin/arm-2009q1/bin/../lib/gcc/arm-none-eabi/4.3.3/../../../../arm-none-eabi/lib/thumb2/libc.a(lib_a-fwalk.o)
                                                  /work/bin/arm-2009q1/bin/../lib/gcc/arm-none-eabi/4.3.3/../../../../arm-none-eabi/lib/thumb2/libc.a(lib_a-fflush.o)
_global_impure_ptr                                /work/bin/arm-2009q1/bin/../lib/gcc/arm-none-eabi/4.3.3/../../../../arm-none-eabi/lib/thumb2/libc.a(lib_a-impure.o)
                                                  /work/bin/arm-2009q1/bin/../lib/gcc/arm-none-eabi/4.3.3/../../../../arm-none-eabi/lib/thumb2/libc.a(lib_a-findfp.o)
                                                  /work/bin/arm-2009q1/bin/../lib/gcc/arm-none-eabi/4.3.3/../../../../arm-none-eabi/lib/thumb2/libc.a(lib_a-fflush.o)
_impure_ptr                                       /work/bin/arm-2009q1/bin/../lib/gcc/arm-none-eabi/4.3.3/../../../../arm-none-eabi/lib/thumb2/libc.a(lib_a-impure.o)
                                                  /work/bin/arm-2009q1/bin/../lib/gcc/arm-none-eabi/4.3.3/../../../../arm-none-eabi/lib/thumb2/libc.a(lib_a-reent.o)
                                                  /work/bin/arm-2009q1/bin/../lib/gcc/arm-none-eabi/4.3.3/../../../../arm-none-eabi/lib/thumb2/libc.a(lib_a-fclose.o)
                                                  /work/bin/arm-2009q1/bin/../lib/gcc/arm-none-eabi/4.3.3/../../../../arm-none-eabi/lib/thumb2/libc.a(lib_a-malloc.o)
                                                  /work/bin/arm-2009q1/bin/../lib/gcc/arm-none-eabi/4.3.3/../../../../arm-none-eabi/lib/thumb2/libc.a(lib_a-locale.o)
                                                  /work/bin/arm-2009q1/bin/../lib/gcc/arm-none-eabi/4.3.3/../../../../arm-none-eabi/lib/thumb2/libc.a(lib_a-findfp.o)
                                                  /work/bin/arm-2009q1/bin/../lib/gcc/arm-none-eabi/4.3.3/../../../../arm-none-eabi/lib/thumb2/libc.a(lib_a-fflush.o)
                                                  /work/bin/arm-2009q1/bin/../lib/gcc/arm-none-eabi/4.3.3/../../../../arm-none-eabi/lib/thumb2/libc.a(lib_a-wsetup.o)
                                                  /work/bin/arm-2009q1/bin/../lib/gcc/arm-none-eabi/4.3.3/../../../../arm-none-eabi/lib/thumb2/libc.a(lib_a-vfprintf.o)
                                                  /work/bin/arm-2009q1/bin/../lib/gcc/arm-none-eabi/4.3.3/../../../../arm-none-eabi/lib/thumb2/libc.a(lib_a-printf.o)
                                                  ../../libraries/libboard_atsam3s-ek/lib/libboard_atsam3s_ek_gcc_rel.a(uart_console.o)
_isatty                                           /work/bin/arm-2009q1/bin/../lib/gcc/arm-none-eabi/4.3.3/../../../../arm-none-eabi/lib/thumb2/libc.a(lib_a-isattyr.o)
_isatty_r                                         /work/bin/arm-2009q1/bin/../lib/gcc/arm-none-eabi/4.3.3/../../../../arm-none-eabi/lib/thumb2/libc.a(lib_a-isattyr.o)
                                                  /work/bin/arm-2009q1/bin/../lib/gcc/arm-none-eabi/4.3.3/../../../../arm-none-eabi/lib/thumb2/libc.a(lib_a-makebuf.o)
_localeconv_r                                     /work/bin/arm-2009q1/bin/../lib/gcc/arm-none-eabi/4.3.3/../../../../arm-none-eabi/lib/thumb2/libc.a(lib_a-locale.o)
                                                  /work/bin/arm-2009q1/bin/../lib/gcc/arm-none-eabi/4.3.3/../../../../arm-none-eabi/lib/thumb2/libc.a(lib_a-vfprintf.o)
_lseek                                            /work/bin/arm-2009q1/bin/../lib/gcc/arm-none-eabi/4.3.3/../../../../arm-none-eabi/lib/thumb2/libc.a(lib_a-lseekr.o)
_lseek_r                                          /work/bin/arm-2009q1/bin/../lib/gcc/arm-none-eabi/4.3.3/../../../../arm-none-eabi/lib/thumb2/libc.a(lib_a-lseekr.o)
                                                  /work/bin/arm-2009q1/bin/../lib/gcc/arm-none-eabi/4.3.3/../../../../arm-none-eabi/lib/thumb2/libc.a(lib_a-stdio.o)
_malloc_r                                         /work/bin/arm-2009q1/bin/../lib/gcc/arm-none-eabi/4.3.3/../../../../arm-none-eabi/lib/thumb2/libc.a(lib_a-mallocr.o)
                                                  /work/bin/arm-2009q1/bin/../lib/gcc/arm-none-eabi/4.3.3/../../../../arm-none-eabi/lib/thumb2/libc.a(lib_a-callocr.o)
                                                  /work/bin/arm-2009q1/bin/../lib/gcc/arm-none-eabi/4.3.3/../../../../arm-none-eabi/lib/thumb2/libc.a(lib_a-reallocr.o)
                                                  /work/bin/arm-2009q1/bin/../lib/gcc/arm-none-eabi/4.3.3/../../../../arm-none-eabi/lib/thumb2/libc.a(lib_a-malloc.o)
                                                  /work/bin/arm-2009q1/bin/../lib/gcc/arm-none-eabi/4.3.3/../../../../arm-none-eabi/lib/thumb2/libc.a(lib_a-makebuf.o)
                                                  /work/bin/arm-2009q1/bin/../lib/gcc/arm-none-eabi/4.3.3/../../../../arm-none-eabi/lib/thumb2/libc.a(lib_a-fvwrite.o)
                                                  /work/bin/arm-2009q1/bin/../lib/gcc/arm-none-eabi/4.3.3/../../../../arm-none-eabi/lib/thumb2/libc.a(lib_a-findfp.o)
_malloc_trim_r                                    /work/bin/arm-2009q1/bin/../lib/gcc/arm-none-eabi/4.3.3/../../../../arm-none-eabi/lib/thumb2/libc.a(lib_a-freer.o)
_mprec_log10                                      /work/bin/arm-2009q1/bin/../lib/gcc/arm-none-eabi/4.3.3/../../../../arm-none-eabi/lib/thumb2/libc.a(lib_a-mprec.o)
_printf_r                                         /work/bin/arm-2009q1/bin/../lib/gcc/arm-none-eabi/4.3.3/../../../../arm-none-eabi/lib/thumb2/libc.a(lib_a-printf.o)
_read                                             /work/bin/arm-2009q1/bin/../lib/gcc/arm-none-eabi/4.3.3/../../../../arm-none-eabi/lib/thumb2/libc.a(lib_a-readr.o)
_read_r                                           /work/bin/arm-2009q1/bin/../lib/gcc/arm-none-eabi/4.3.3/../../../../arm-none-eabi/lib/thumb2/libc.a(lib_a-readr.o)
                                                  /work/bin/arm-2009q1/bin/../lib/gcc/arm-none-eabi/4.3.3/../../../../arm-none-eabi/lib/thumb2/libc.a(lib_a-stdio.o)
_realloc_r                                        /work/bin/arm-2009q1/bin/../lib/gcc/arm-none-eabi/4.3.3/../../../../arm-none-eabi/lib/thumb2/libc.a(lib_a-reallocr.o)
                                                  /work/bin/arm-2009q1/bin/../lib/gcc/arm-none-eabi/4.3.3/../../../../arm-none-eabi/lib/thumb2/libc.a(lib_a-fvwrite.o)
_reclaim_reent                                    /work/bin/arm-2009q1/bin/../lib/gcc/arm-none-eabi/4.3.3/../../../../arm-none-eabi/lib/thumb2/libc.a(lib_a-reent.o)
_sbrk                                             /work/bin/arm-2009q1/bin/../lib/gcc/arm-none-eabi/4.3.3/../../../../arm-none-eabi/lib/thumb2/libc.a(lib_a-sbrkr.o)
_sbrk_r                                           /work/bin/arm-2009q1/bin/../lib/gcc/arm-none-eabi/4.3.3/../../../../arm-none-eabi/lib/thumb2/libc.a(lib_a-sbrkr.o)
                                                  /work/bin/arm-2009q1/bin/../lib/gcc/arm-none-eabi/4.3.3/../../../../arm-none-eabi/lib/thumb2/libc.a(lib_a-mallocr.o)
                                                  /work/bin/arm-2009q1/bin/../lib/gcc/arm-none-eabi/4.3.3/../../../../arm-none-eabi/lib/thumb2/libc.a(lib_a-freer.o)
_sdata                                            obj/sram_isp_cstartup.o
_setlocale_r                                      /work/bin/arm-2009q1/bin/../lib/gcc/arm-none-eabi/4.3.3/../../../../arm-none-eabi/lib/thumb2/libc.a(lib_a-locale.o)
_sidata                                           obj/sram_isp_cstartup.o
_sstack                                           obj/sram_isp_cstartup.o
_szero                                            obj/sram_isp_cstartup.o
_vfprintf_r                                       /work/bin/arm-2009q1/bin/../lib/gcc/arm-none-eabi/4.3.3/../../../../arm-none-eabi/lib/thumb2/libc.a(lib_a-vfprintf.o)
                                                  /work/bin/arm-2009q1/bin/../lib/gcc/arm-none-eabi/4.3.3/../../../../arm-none-eabi/lib/thumb2/libc.a(lib_a-printf.o)
_wrapup_reent                                     /work/bin/arm-2009q1/bin/../lib/gcc/arm-none-eabi/4.3.3/../../../../arm-none-eabi/lib/thumb2/libc.a(lib_a-reent.o)
_write                                            /work/bin/arm-2009q1/bin/../lib/gcc/arm-none-eabi/4.3.3/../../../../arm-none-eabi/lib/thumb2/libc.a(lib_a-writer.o)
_write_r                                          /work/bin/arm-2009q1/bin/../lib/gcc/arm-none-eabi/4.3.3/../../../../arm-none-eabi/lib/thumb2/libc.a(lib_a-writer.o)
                                                  /work/bin/arm-2009q1/bin/../lib/gcc/arm-none-eabi/4.3.3/../../../../arm-none-eabi/lib/thumb2/libc.a(lib_a-stdio.o)
cleanup_glue                                      /work/bin/arm-2009q1/bin/../lib/gcc/arm-none-eabi/4.3.3/../../../../arm-none-eabi/lib/thumb2/libc.a(lib_a-reent.o)
end                                               obj/sram_main.o
errno                                             /work/bin/arm-2009q1/bin/../lib/gcc/arm-none-eabi/4.3.3/../../../../arm-none-eabi/lib/thumb2/libc.a(lib_a-reent.o)
                                                  /work/bin/arm-2009q1/bin/../lib/gcc/arm-none-eabi/4.3.3/../../../../arm-none-eabi/lib/thumb2/libc.a(lib_a-readr.o)
                                                  /work/bin/arm-2009q1/bin/../lib/gcc/arm-none-eabi/4.3.3/../../../../arm-none-eabi/lib/thumb2/libc.a(lib_a-lseekr.o)
                                                  /work/bin/arm-2009q1/bin/../lib/gcc/arm-none-eabi/4.3.3/../../../../arm-none-eabi/lib/thumb2/libc.a(lib_a-isattyr.o)
                                                  /work/bin/arm-2009q1/bin/../lib/gcc/arm-none-eabi/4.3.3/../../../../arm-none-eabi/lib/thumb2/libc.a(lib_a-fstatr.o)
                                                  /work/bin/arm-2009q1/bin/../lib/gcc/arm-none-eabi/4.3.3/../../../../arm-none-eabi/lib/thumb2/libc.a(lib_a-closer.o)
                                                  /work/bin/arm-2009q1/bin/../lib/gcc/arm-none-eabi/4.3.3/../../../../arm-none-eabi/lib/thumb2/libc.a(lib_a-writer.o)
                                                  /work/bin/arm-2009q1/bin/../lib/gcc/arm-none-eabi/4.3.3/../../../../arm-none-eabi/lib/thumb2/libc.a(lib_a-sbrkr.o)
exception_table                                   obj/sram_isp_cstartup.o
fclose                                            /work/bin/arm-2009q1/bin/../lib/gcc/arm-none-eabi/4.3.3/../../../../arm-none-eabi/lib/thumb2/libc.a(lib_a-fclose.o)
                                                  /work/bin/arm-2009q1/bin/../lib/gcc/arm-none-eabi/4.3.3/../../../../arm-none-eabi/lib/thumb2/libc.a(lib_a-findfp.o)
fflush                                            /work/bin/arm-2009q1/bin/../lib/gcc/arm-none-eabi/4.3.3/../../../../arm-none-eabi/lib/thumb2/libc.a(lib_a-fflush.o)
fgetc                                             ../../libraries/libboard_atsam3s-ek/lib/libboard_atsam3s_ek_gcc_rel.a(uart_console.o)
fputc                                             ../../libraries/libboard_atsam3s-ek/lib/libboard_atsam3s_ek_gcc_rel.a(uart_console.o)
fputs                                             ../../libraries/libboard_atsam3s-ek/lib/libboard_atsam3s_ek_gcc_rel.a(uart_console.o)
free                                              /work/bin/arm-2009q1/bin/../lib/gcc/arm-none-eabi/4.3.3/../../../../arm-none-eabi/lib/thumb2/libc.a(lib_a-malloc.o)
getchar                                           ../../libraries/libboard_atsam3s-ek/lib/libboard_atsam3s_ek_gcc_rel.a(uart_console.o)
isInitialized                                     obj/sram_isp_cstartup.o
localeconv                                        /work/bin/arm-2009q1/bin/../lib/gcc/arm-none-eabi/4.3.3/../../../../arm-none-eabi/lib/thumb2/libc.a(lib_a-locale.o)
mailbox                                           obj/sram_isp_cstartup.o
main                                              obj/sram_main.o
                                                  obj/sram_isp_cstartup.o
malloc                                            /work/bin/arm-2009q1/bin/../lib/gcc/arm-none-eabi/4.3.3/../../../../arm-none-eabi/lib/thumb2/libc.a(lib_a-malloc.o)
                                                  /work/bin/arm-2009q1/bin/../lib/gcc/arm-none-eabi/4.3.3/../../../../arm-none-eabi/lib/thumb2/libc.a(lib_a-mprec.o)
                                                  /work/bin/arm-2009q1/bin/../lib/gcc/arm-none-eabi/4.3.3/../../../../arm-none-eabi/lib/thumb2/libc.a(lib_a-dtoa.o)
memchr                                            /work/bin/arm-2009q1/bin/../lib/gcc/arm-none-eabi/4.3.3/../../../../arm-none-eabi/lib/thumb2/libc.a(lib_a-memchr.o)
                                                  /work/bin/arm-2009q1/bin/../lib/gcc/arm-none-eabi/4.3.3/../../../../arm-none-eabi/lib/thumb2/libc.a(lib_a-fvwrite.o)
                                                  /work/bin/arm-2009q1/bin/../lib/gcc/arm-none-eabi/4.3.3/../../../../arm-none-eabi/lib/thumb2/libc.a(lib_a-vfprintf.o)
memcpy                                            /work/bin/arm-2009q1/bin/../lib/gcc/arm-none-eabi/4.3.3/../../../../arm-none-eabi/lib/thumb2/libc.a(lib_a-memcpy.o)
                                                  /work/bin/arm-2009q1/bin/../lib/gcc/arm-none-eabi/4.3.3/../../../../arm-none-eabi/lib/thumb2/libc.a(lib_a-mprec.o)
                                                  /work/bin/arm-2009q1/bin/../lib/gcc/arm-none-eabi/4.3.3/../../../../arm-none-eabi/lib/thumb2/libc.a(lib_a-fvwrite.o)
                                                  /work/bin/arm-2009q1/bin/../lib/gcc/arm-none-eabi/4.3.3/../../../../arm-none-eabi/lib/thumb2/libc.a(lib_a-dtoa.o)
                                                  ../../libraries/libchip_atsam3s/lib/libchip_atsam3s4_gcc_rel.a(flashd.o)
                                                  obj/sram_main.o
memmove                                           /work/bin/arm-2009q1/bin/../lib/gcc/arm-none-eabi/4.3.3/../../../../arm-none-eabi/lib/thumb2/libc.a(lib_a-memmove.o)
                                                  /work/bin/arm-2009q1/bin/../lib/gcc/arm-none-eabi/4.3.3/../../../../arm-none-eabi/lib/thumb2/libc.a(lib_a-reallocr.o)
                                                  /work/bin/arm-2009q1/bin/../lib/gcc/arm-none-eabi/4.3.3/../../../../arm-none-eabi/lib/thumb2/libc.a(lib_a-fvwrite.o)
memset                                            /work/bin/arm-2009q1/bin/../lib/gcc/arm-none-eabi/4.3.3/../../../../arm-none-eabi/lib/thumb2/libc.a(lib_a-memset.o)
                                                  /work/bin/arm-2009q1/bin/../lib/gcc/arm-none-eabi/4.3.3/../../../../arm-none-eabi/lib/thumb2/libc.a(lib_a-callocr.o)
                                                  /work/bin/arm-2009q1/bin/../lib/gcc/arm-none-eabi/4.3.3/../../../../arm-none-eabi/lib/thumb2/libc.a(lib_a-findfp.o)
printf                                            /work/bin/arm-2009q1/bin/../lib/gcc/arm-none-eabi/4.3.3/../../../../arm-none-eabi/lib/thumb2/libc.a(lib_a-printf.o)
                                                  ../../libraries/libboard_atsam3s-ek/lib/libboard_atsam3s_ek_gcc_rel.a(uart_console.o)
putchar                                           ../../libraries/libboard_atsam3s-ek/lib/libboard_atsam3s_ek_gcc_rel.a(uart_console.o)
setlocale                                         /work/bin/arm-2009q1/bin/../lib/gcc/arm-none-eabi/4.3.3/../../../../arm-none-eabi/lib/thumb2/libc.a(lib_a-locale.o)
strcmp                                            /work/bin/arm-2009q1/bin/../lib/gcc/arm-none-eabi/4.3.3/../../../../arm-none-eabi/lib/thumb2/libc.a(lib_a-strcmp.o)
                                                  /work/bin/arm-2009q1/bin/../lib/gcc/arm-none-eabi/4.3.3/../../../../arm-none-eabi/lib/thumb2/libc.a(lib_a-locale.o)
strlen                                            /work/bin/arm-2009q1/bin/../lib/gcc/arm-none-eabi/4.3.3/../../../../arm-none-eabi/lib/thumb2/libc.a(lib_a-strlen.o)
                                                  /work/bin/arm-2009q1/bin/../lib/gcc/arm-none-eabi/4.3.3/../../../../arm-none-eabi/lib/thumb2/libc.a(lib_a-vfprintf.o)
vfprintf                                          /work/bin/arm-2009q1/bin/../lib/gcc/arm-none-eabi/4.3.3/../../../../arm-none-eabi/lib/thumb2/libc.a(lib_a-vfprintf.o)
